Component: ARM Compiler 5.06 update 7 (build 960) Tool: armlink [4d3601]

==============================================================================

Section Cross References

    uart_test_tx.o(Code1) refers to uart_init.o(Code1) for UART_init
    uart_test_tx.o(Code1) refers to uart_putchar.o(Code1) for UART_PutChar
    uart_test_tx.o(Code1) refers to uart_test_tx.o(String_Block) for MyString
    startup_lpc17xx.o(STACK) refers (Special) to heapauxi.o(.text) for __use_two_region_memory
    startup_lpc17xx.o(HEAP) refers (Special) to heapauxi.o(.text) for __use_two_region_memory
    startup_lpc17xx.o(RESET) refers (Special) to heapauxi.o(.text) for __use_two_region_memory
    startup_lpc17xx.o(RESET) refers to startup_lpc17xx.o(STACK) for __initial_sp
    startup_lpc17xx.o(RESET) refers to startup_lpc17xx.o(.text) for Reset_Handler
    startup_lpc17xx.o(.ARM.__at_0x02FC) refers (Special) to heapauxi.o(.text) for __use_two_region_memory
    startup_lpc17xx.o(.text) refers (Special) to heapauxi.o(.text) for __use_two_region_memory
    startup_lpc17xx.o(.text) refers to system_lpc17xx.o(i.SystemInit) for SystemInit
    startup_lpc17xx.o(.text) refers to uart_test_tx.o(Code1) for __main
    startup_lpc17xx.o(.text) refers to startup_lpc17xx.o(HEAP) for Heap_Mem
    startup_lpc17xx.o(.text) refers to startup_lpc17xx.o(STACK) for Stack_Mem
    system_lpc17xx.o(i.SystemCoreClockUpdate) refers to lludivv7m.o(.text) for __aeabi_uldivmod
    system_lpc17xx.o(i.SystemCoreClockUpdate) refers to system_lpc17xx.o(.data) for SystemCoreClock
    aeabi_ldiv0_sigfpe.o(.text) refers to rt_div0.o(.text) for __rt_div0
    rt_div0.o(.text) refers to defsig_fpe_outer.o(.text) for __rt_SIGFPE
    defsig_fpe_outer.o(.text) refers to defsig_fpe_inner.o(.text) for __rt_SIGFPE_inner
    defsig_fpe_outer.o(.text) refers to defsig_exit.o(.text) for __sig_exit
    defsig_fpe_formal.o(.text) refers to rt_raise.o(.text) for __rt_raise
    rt_raise.o(.text) refers to __raise.o(.text) for __raise
    rt_raise.o(.text) refers to sys_exit.o(.text) for _sys_exit
    defsig_exit.o(.text) refers to sys_exit.o(.text) for _sys_exit
    defsig_fpe_inner.o(.text) refers to defsig_general.o(.text) for __default_signal_display
    sys_exit.o(.text) refers (Special) to use_no_semi.o(.text) for __I$use$semihosting
    sys_exit.o(.text) refers (Special) to indicate_semi.o(.text) for __semihosting_library_function
    __raise.o(.text) refers to defsig.o(CL$$defsig) for __default_signal_handler
    defsig_general.o(.text) refers to sys_wrch.o(.text) for _ttywrch
    sys_wrch.o(.text) refers (Special) to use_no_semi.o(.text) for __I$use$semihosting
    sys_wrch.o(.text) refers (Special) to indicate_semi.o(.text) for __semihosting_library_function
    defsig.o(CL$$defsig) refers to defsig_fpe_inner.o(.text) for __rt_SIGFPE_inner
    defsig_abrt_inner.o(.text) refers to defsig_general.o(.text) for __default_signal_display
    defsig_rtred_inner.o(.text) refers to defsig_general.o(.text) for __default_signal_display
    defsig_rtmem_inner.o(.text) refers to defsig_general.o(.text) for __default_signal_display
    defsig_stak_inner.o(.text) refers to defsig_general.o(.text) for __default_signal_display
    defsig_pvfn_inner.o(.text) refers to defsig_general.o(.text) for __default_signal_display
    defsig_cppl_inner.o(.text) refers to defsig_general.o(.text) for __default_signal_display
    defsig_segv_inner.o(.text) refers to defsig_general.o(.text) for __default_signal_display
    defsig_other.o(.text) refers to defsig_general.o(.text) for __default_signal_display


==============================================================================

Removing Unused input sections from the image.

    Removing system_lpc17xx.o(.rev16_text), (4 bytes).
    Removing system_lpc17xx.o(.revsh_text), (4 bytes).
    Removing system_lpc17xx.o(.rrx_text), (6 bytes).
    Removing system_lpc17xx.o(i.SystemCoreClockUpdate), (424 bytes).
    Removing system_lpc17xx.o(.data), (4 bytes).

5 unused section(s) (total 442 bytes) removed from the image.

==============================================================================

Image Symbol Table

    Local Symbols

    Symbol Name                              Value     Ov Type        Size  Object(Section)

    RESET                                    0x00000000   Section      204  startup_lpc17xx.o(RESET)
    ../clib/angel/rt.s                       0x00000000   Number         0  rt_raise.o ABSOLUTE
    ../clib/angel/rt.s                       0x00000000   Number         0  rt_div0.o ABSOLUTE
    ../clib/angel/rt.s                       0x00000000   Number         0  aeabi_ldiv0_sigfpe.o ABSOLUTE
    ../clib/angel/rt.s                       0x00000000   Number         0  aeabi_ldiv0.o ABSOLUTE
    ../clib/angel/sys.s                      0x00000000   Number         0  indicate_semi.o ABSOLUTE
    ../clib/angel/sys.s                      0x00000000   Number         0  use_no_semi.o ABSOLUTE
    ../clib/angel/sysapp.c                   0x00000000   Number         0  sys_wrch.o ABSOLUTE
    ../clib/angel/sysapp.c                   0x00000000   Number         0  sys_exit.o ABSOLUTE
    ../clib/heapaux.c                        0x00000000   Number         0  heapauxi.o ABSOLUTE
    ../clib/longlong.s                       0x00000000   Number         0  lludivv7m.o ABSOLUTE
    ../clib/signal.c                         0x00000000   Number         0  defsig_stak_inner.o ABSOLUTE
    ../clib/signal.c                         0x00000000   Number         0  defsig_rtred_inner.o ABSOLUTE
    ../clib/signal.c                         0x00000000   Number         0  defsig_abrt_inner.o ABSOLUTE
    ../clib/signal.c                         0x00000000   Number         0  defsig_rtmem_inner.o ABSOLUTE
    ../clib/signal.c                         0x00000000   Number         0  defsig_general.o ABSOLUTE
    ../clib/signal.c                         0x00000000   Number         0  __raise.o ABSOLUTE
    ../clib/signal.c                         0x00000000   Number         0  defsig_fpe_inner.o ABSOLUTE
    ../clib/signal.c                         0x00000000   Number         0  defsig_exit.o ABSOLUTE
    ../clib/signal.c                         0x00000000   Number         0  defsig_fpe_outer.o ABSOLUTE
    ../clib/signal.c                         0x00000000   Number         0  defsig_fpe_formal.o ABSOLUTE
    ../clib/signal.c                         0x00000000   Number         0  defsig_pvfn_inner.o ABSOLUTE
    ../clib/signal.c                         0x00000000   Number         0  defsig_cppl_inner.o ABSOLUTE
    ../clib/signal.c                         0x00000000   Number         0  defsig_segv_inner.o ABSOLUTE
    ../clib/signal.c                         0x00000000   Number         0  defsig_other.o ABSOLUTE
    ../clib/signal.s                         0x00000000   Number         0  defsig.o ABSOLUTE
    RTE\Device\LPC1768\startup_LPC17xx.s     0x00000000   Number         0  startup_lpc17xx.o ABSOLUTE
    RTE\Device\LPC1768\system_LPC17xx.c      0x00000000   Number         0  system_lpc17xx.o ABSOLUTE
    RTE\\Device\\LPC1768\\system_LPC17xx.c   0x00000000   Number         0  system_lpc17xx.o ABSOLUTE
    UART_PutChar.s                           0x00000000   Number         0  uart_putchar.o ABSOLUTE
    UART_Test_TX.s                           0x00000000   Number         0  uart_test_tx.o ABSOLUTE
    UART_init.s                              0x00000000   Number         0  uart_init.o ABSOLUTE
    dc.s                                     0x00000000   Number         0  dc.o ABSOLUTE
    .text                                    0x000000cc   Section       60  startup_lpc17xx.o(.text)
    .text                                    0x00000108   Section        0  heapauxi.o(.text)
    Code1                                    0x00000110   Section      180  uart_init.o(Code1)
    Code1                                    0x000001d0   Section       44  uart_putchar.o(Code1)
    Code1                                    0x00000200   Section       48  uart_test_tx.o(Code1)
    String_Block                             0x00000230   Section       15  uart_test_tx.o(String_Block)
    MyString                                 0x00000230   Data          15  uart_test_tx.o(String_Block)
    .ARM.__at_0x02FC                         0x000002fc   Section        4  startup_lpc17xx.o(.ARM.__at_0x02FC)
    i.SystemInit                             0x00000300   Section        0  system_lpc17xx.o(i.SystemInit)
    STACK                                    0x10000000   Section      512  startup_lpc17xx.o(STACK)
    Stack_Mem                                0x10000000   Data         512  startup_lpc17xx.o(STACK)
    __initial_sp                             0x10000200   Data           0  startup_lpc17xx.o(STACK)
    HEAP                                     0x2007c000   Section        0  startup_lpc17xx.o(HEAP)
    Heap_Mem                                 0x2007c000   Data           0  startup_lpc17xx.o(HEAP)

    Global Symbols

    Symbol Name                              Value     Ov Type        Size  Object(Section)

    BuildAttributes$$THM_ISAv4$P$D$K$B$S$PE$A:L22UL41UL21$X:L11$S22US41US21$IEEE1$IW$USESV6$~STKCKD$USESV7$~SHL$OSPACE$ROPI$EBA8$STANDARDLIB$REQ8$EABIv2 0x00000000   Number         0  anon$$obj.o ABSOLUTE
    __Vectors                                0x00000000   Data           4  startup_lpc17xx.o(RESET)
    __sigvec_lookup                           - Undefined Weak Reference
    Reset_Handler                            0x000000cd   Thumb Code     8  startup_lpc17xx.o(.text)
    NMI_Handler                              0x000000d5   Thumb Code     2  startup_lpc17xx.o(.text)
    HardFault_Handler                        0x000000d7   Thumb Code     2  startup_lpc17xx.o(.text)
    MemManage_Handler                        0x000000d9   Thumb Code     2  startup_lpc17xx.o(.text)
    BusFault_Handler                         0x000000db   Thumb Code     2  startup_lpc17xx.o(.text)
    UsageFault_Handler                       0x000000dd   Thumb Code     2  startup_lpc17xx.o(.text)
    SVC_Handler                              0x000000df   Thumb Code     2  startup_lpc17xx.o(.text)
    DebugMon_Handler                         0x000000e1   Thumb Code     2  startup_lpc17xx.o(.text)
    PendSV_Handler                           0x000000e3   Thumb Code     2  startup_lpc17xx.o(.text)
    SysTick_Handler                          0x000000e5   Thumb Code     2  startup_lpc17xx.o(.text)
    ADC_IRQHandler                           0x000000e7   Thumb Code     0  startup_lpc17xx.o(.text)
    BOD_IRQHandler                           0x000000e7   Thumb Code     0  startup_lpc17xx.o(.text)
    CANActivity_IRQHandler                   0x000000e7   Thumb Code     0  startup_lpc17xx.o(.text)
    CAN_IRQHandler                           0x000000e7   Thumb Code     0  startup_lpc17xx.o(.text)
    DMA_IRQHandler                           0x000000e7   Thumb Code     0  startup_lpc17xx.o(.text)
    EINT0_IRQHandler                         0x000000e7   Thumb Code     0  startup_lpc17xx.o(.text)
    EINT1_IRQHandler                         0x000000e7   Thumb Code     0  startup_lpc17xx.o(.text)
    EINT2_IRQHandler                         0x000000e7   Thumb Code     0  startup_lpc17xx.o(.text)
    EINT3_IRQHandler                         0x000000e7   Thumb Code     0  startup_lpc17xx.o(.text)
    ENET_IRQHandler                          0x000000e7   Thumb Code     0  startup_lpc17xx.o(.text)
    I2C0_IRQHandler                          0x000000e7   Thumb Code     0  startup_lpc17xx.o(.text)
    I2C1_IRQHandler                          0x000000e7   Thumb Code     0  startup_lpc17xx.o(.text)
    I2C2_IRQHandler                          0x000000e7   Thumb Code     0  startup_lpc17xx.o(.text)
    I2S_IRQHandler                           0x000000e7   Thumb Code     0  startup_lpc17xx.o(.text)
    MCPWM_IRQHandler                         0x000000e7   Thumb Code     0  startup_lpc17xx.o(.text)
    PLL0_IRQHandler                          0x000000e7   Thumb Code     0  startup_lpc17xx.o(.text)
    PLL1_IRQHandler                          0x000000e7   Thumb Code     0  startup_lpc17xx.o(.text)
    PWM1_IRQHandler                          0x000000e7   Thumb Code     0  startup_lpc17xx.o(.text)
    QEI_IRQHandler                           0x000000e7   Thumb Code     0  startup_lpc17xx.o(.text)
    RIT_IRQHandler                           0x000000e7   Thumb Code     0  startup_lpc17xx.o(.text)
    RTC_IRQHandler                           0x000000e7   Thumb Code     0  startup_lpc17xx.o(.text)
    SPI_IRQHandler                           0x000000e7   Thumb Code     0  startup_lpc17xx.o(.text)
    SSP0_IRQHandler                          0x000000e7   Thumb Code     0  startup_lpc17xx.o(.text)
    SSP1_IRQHandler                          0x000000e7   Thumb Code     0  startup_lpc17xx.o(.text)
    TIMER0_IRQHandler                        0x000000e7   Thumb Code     0  startup_lpc17xx.o(.text)
    TIMER1_IRQHandler                        0x000000e7   Thumb Code     0  startup_lpc17xx.o(.text)
    TIMER2_IRQHandler                        0x000000e7   Thumb Code     0  startup_lpc17xx.o(.text)
    TIMER3_IRQHandler                        0x000000e7   Thumb Code     0  startup_lpc17xx.o(.text)
    UART0_IRQHandler                         0x000000e7   Thumb Code     0  startup_lpc17xx.o(.text)
    UART1_IRQHandler                         0x000000e7   Thumb Code     0  startup_lpc17xx.o(.text)
    UART2_IRQHandler                         0x000000e7   Thumb Code     0  startup_lpc17xx.o(.text)
    UART3_IRQHandler                         0x000000e7   Thumb Code     0  startup_lpc17xx.o(.text)
    USBActivity_IRQHandler                   0x000000e7   Thumb Code     0  startup_lpc17xx.o(.text)
    USB_IRQHandler                           0x000000e7   Thumb Code     0  startup_lpc17xx.o(.text)
    WDT_IRQHandler                           0x000000e7   Thumb Code     0  startup_lpc17xx.o(.text)
    __user_initial_stackheap                 0x000000e9   Thumb Code     0  startup_lpc17xx.o(.text)
    __use_two_region_memory                  0x00000109   Thumb Code     2  heapauxi.o(.text)
    __rt_heap_escrow$2region                 0x0000010b   Thumb Code     2  heapauxi.o(.text)
    __rt_heap_expand$2region                 0x0000010d   Thumb Code     2  heapauxi.o(.text)
    UART_init                                0x00000111   Thumb Code   132  uart_init.o(Code1)
    UART_PutChar                             0x000001d1   Thumb Code    26  uart_putchar.o(Code1)
    __main                                   0x00000201   Thumb Code    42  uart_test_tx.o(Code1)
    SystemInit                               0x00000301   Thumb Code   302  system_lpc17xx.o(i.SystemInit)



==============================================================================

Memory Map of the image

  Image Entry point : 0x00000201

  Load Region LR_IROM1 (Base: 0x00000000, Size: 0x00000440, Max: 0x00080000, ABSOLUTE)

    Execution Region ER_IROM1 (Exec base: 0x00000000, Load base: 0x00000000, Size: 0x00000440, Max: 0x00080000, ABSOLUTE)

    Exec Addr    Load Addr    Size         Type   Attr      Idx    E Section Name        Object

    0x00000000   0x00000000   0x000000cc   Data   RO           18    RESET               startup_lpc17xx.o
    0x000000cc   0x000000cc   0x0000003c   Code   RO           20    .text               startup_lpc17xx.o
    0x00000108   0x00000108   0x00000006   Code   RO           89    .text               c_w.l(heapauxi.o)
    0x0000010e   0x0000010e   0x00000002   PAD
    0x00000110   0x00000110   0x000000b4   Code   RO            1    Code1               uart_init.o
    0x000001c4   0x000001c4   0x0000000c   PAD
    0x000001d0   0x000001d0   0x0000002c   Code   RO            7    Code1               uart_putchar.o
    0x000001fc   0x000001fc   0x00000004   PAD
    0x00000200   0x00000200   0x00000030   Code   RO           11  * Code1               uart_test_tx.o
    0x00000230   0x00000230   0x0000000f   Data   RO           12    String_Block        uart_test_tx.o
    0x0000023f   0x0000023f   0x000000bd   PAD
    0x000002fc   0x000002fc   0x00000004   Code   RO           19    .ARM.__at_0x02FC    startup_lpc17xx.o
    0x00000300   0x00000300   0x00000140   Code   RO           30    i.SystemInit        system_lpc17xx.o


    Execution Region RW_IRAM1 (Exec base: 0x10000000, Load base: 0x00000440, Size: 0x00000200, Max: 0x00008000, ABSOLUTE)

    Exec Addr    Load Addr    Size         Type   Attr      Idx    E Section Name        Object

    0x10000000        -       0x00000200   Zero   RW           16    STACK               startup_lpc17xx.o


    Execution Region RW_IRAM2 (Exec base: 0x2007c000, Load base: 0x00000440, Size: 0x00000000, Max: 0x00008000, ABSOLUTE)

    Exec Addr    Load Addr    Size         Type   Attr      Idx    E Section Name        Object

    0x2007c000        -       0x00000000   Zero   RW           17    HEAP                startup_lpc17xx.o


==============================================================================

Image component sizes


      Code (inc. data)   RO Data    RW Data    ZI Data      Debug   Object Name

        64         26        204          0        512       1060   startup_lpc17xx.o
       320         18          0          0          0       2049   system_lpc17xx.o
       180         48          0          0          0        412   uart_init.o
        44         18          0          0          0        352   uart_putchar.o
        48          6         15          0          0        348   uart_test_tx.o

    ----------------------------------------------------------------------
       672        132        408          0        512       4221   Object Totals
         0          0          0          0          0          0   (incl. Generated)
        16         16        189          0          0          0   (incl. Padding)

    ----------------------------------------------------------------------

      Code (inc. data)   RO Data    RW Data    ZI Data      Debug   Library Member Name

         6          0          0          0          0        152   heapauxi.o

    ----------------------------------------------------------------------
         8          0          0          0          0        152   Library Totals
         2          0          0          0          0          0   (incl. Padding)

    ----------------------------------------------------------------------

      Code (inc. data)   RO Data    RW Data    ZI Data      Debug   Library Name

         6          0          0          0          0        152   c_w.l

    ----------------------------------------------------------------------
         8          0          0          0          0        152   Library Totals

    ----------------------------------------------------------------------

==============================================================================


      Code (inc. data)   RO Data    RW Data    ZI Data      Debug   

       680        132        408          0        512       4217   Grand Totals
       680        132        408          0        512       4217   ELF Image Totals
       680        132        408          0          0          0   ROM Totals

==============================================================================

    Total RO  Size (Code + RO Data)                 1088 (   1.06kB)
    Total RW  Size (RW Data + ZI Data)               512 (   0.50kB)
    Total ROM Size (Code + RO Data + RW Data)       1088 (   1.06kB)

==============================================================================

