<html>
<body>
<pre>
<h1>µVision Build Log</h1>
<h2>Tool Versions:</h2>
IDE-Version: µVision V5.36.0.0
Copyright (C) 2021 ARM Ltd and ARM Germany GmbH. All rights reserved.
License Information: Bernhard Pohlner, Hochschule Mannheim, LIC=----
 
Tool Versions:
Toolchain:       MDK-Lite  Version: 5.36.0.0
Toolchain Path:  C:\Keil_v5\ARM\ARMCC\Bin
C Compiler:      Armcc.exe V5.06 update 7 (build 960)
Assembler:       Armasm.exe V5.06 update 7 (build 960)
Linker/Locator:  ArmLink.exe V5.06 update 7 (build 960)
Library Manager: ArmAr.exe V5.06 update 7 (build 960)
Hex Converter:   FromElf.exe V5.06 update 7 (build 960)
CPU DLL:         SARMCM3.DLL V5.36.0.0
Dialog DLL:      DARMP1.DLL V1.27.0.0
Target DLL:      UL2CM3.DLL V1.164.0.0
Dialog DLL:      TARMP1.DLL V1.26.0.0
 
<h2>Project:</h2>
C:\Users\Labor\Desktop\Lab3CAN_AD\L3-4 Spannung LCD (HW)\Projekt3-4.uvprojx
Project File Date:  12/04/2024

<h2>Output:</h2>
*** Using Compiler 'V5.06 update 7 (build 960)', folder: 'C:\Keil_v5\ARM\ARMCC\Bin'
Rebuild target 'Target 1'
assembling startup_LPC17xx.s...
compiling CAN_AD_3_4_main.c...
CAN_AD_3_4_main.c(55): warning:  #167-D: argument of type "char *" is incompatible with parameter of type "unsigned char *"
  					GLCD_DisplayString(2, 14, AD_Val_String);	
CAN_AD_3_4_main.c(83): warning:  #61-D: integer operation result is out of range
  	if ((LPC_ADC->ADGDR & (1 << 31)) != 0){
CAN_AD_3_4_main.c(83): warning:  #68-D: integer conversion resulted in a change of sign
  	if ((LPC_ADC->ADGDR & (1 << 31)) != 0){
CAN_AD_3_4_main.c: 3 warnings, 0 errors
compiling system_LPC17xx.c...
compiling adc.c...
adc.c(15): warning:  #61-D: integer operation result is out of range
  	LPC_PINCON->PINSEL3 |= (3 << 30);
adc.c(15): warning:  #68-D: integer conversion resulted in a change of sign
  	LPC_PINCON->PINSEL3 |= (3 << 30);
adc.c: 2 warnings, 0 errors
compiling GLCD_LPC1700.c...
linking...
Program Size: Code=10408 RO-data=5864 RW-data=28 ZI-data=636  
".\Objects\Projekt3-4.axf" - 0 Error(s), 5 Warning(s).

<h2>Software Packages used:</h2>

Package Vendor: ARM
                http://www.keil.com/pack/ARM.CMSIS.5.8.0.pack
                ARM.CMSIS.5.8.0
                CMSIS (Common Microcontroller Software Interface Standard)
   * Component: CORE Version: 5.5.0

Package Vendor: Keil
                https://www.keil.com/pack/Keil.LPC1700_DFP.2.7.2.pack
                Keil.LPC1700_DFP.2.7.2
                NXP LPC1700 Series Device Support, Drivers and Examples for MCB1700 and LPC1788-32
   * Component: Startup Version: 1.0.0

<h2>Collection of Component include folders:</h2>
  .\RTE\Device\LPC1768
  .\RTE\_Target_1
  C:\Users\Labor\AppData\Local\Arm\Packs\ARM\CMSIS\5.8.0\CMSIS\Core\Include
  C:\Users\Labor\AppData\Local\Arm\Packs\Keil\LPC1700_DFP\2.7.2\Device\Include

<h2>Collection of Component Files used:</h2>

   * Component: ARM::CMSIS:CORE:5.5.0

   * Component: Keil::Device:Startup:1.0.0
      Include file:  Device\Include\LPC17xx.h
      Source file:   Device\Source\ARM\startup_LPC17xx.s
      Include file:  RTE_Driver\Config\RTE_Device.h
      Source file:   Device\Source\system_LPC17xx.c
Build Time Elapsed:  00:00:00
</pre>
</body>
</html>
