Component: ARM Compiler 5.06 update 7 (build 960) Tool: armlink [4d3601]

==============================================================================

Section Cross References

    adc.o(i.ADC_Config) refers to adc.o(i.ADC_StartConversion) for ADC_StartConversion
    can_ad_l3_5_main.o(i.TIMER1_IRQHandler) refers to fflt_clz.o(x$fpl$fflt) for __aeabi_i2f
    can_ad_l3_5_main.o(i.TIMER1_IRQHandler) refers to f2d.o(x$fpl$f2d) for __aeabi_f2d
    can_ad_l3_5_main.o(i.TIMER1_IRQHandler) refers to dmul.o(x$fpl$dmul) for __aeabi_dmul
    can_ad_l3_5_main.o(i.TIMER1_IRQHandler) refers to ddiv.o(x$fpl$ddiv) for __aeabi_ddiv
    can_ad_l3_5_main.o(i.TIMER1_IRQHandler) refers to d2f.o(x$fpl$d2f) for __aeabi_d2f
    can_ad_l3_5_main.o(i.TIMER1_IRQHandler) refers to adc.o(i.ADC_StartConversion) for ADC_StartConversion
    can_ad_l3_5_main.o(i.TIMER1_IRQHandler) refers to can_ad_l3_5_main.o(.data) for AD_New_Value_Ready
    can_ad_l3_5_main.o(i.main) refers to _printf_pad.o(.text) for _printf_pre_padding
    can_ad_l3_5_main.o(i.main) refers to _printf_percent.o(.ARM.Collect$$_printf_percent$$00000000) for _printf_percent
    can_ad_l3_5_main.o(i.main) refers to _printf_x.o(.ARM.Collect$$_printf_percent$$0000000C) for _printf_x
    can_ad_l3_5_main.o(i.main) refers to _printf_hex_int.o(.text) for _printf_longlong_hex
    can_ad_l3_5_main.o(i.main) refers to _printf_f.o(.ARM.Collect$$_printf_percent$$00000003) for _printf_f
    can_ad_l3_5_main.o(i.main) refers to printf1.o(x$fpl$printf1) for _printf_fp_dec
    can_ad_l3_5_main.o(i.main) refers to glcd_lpc1700.o(i.GLCD_Init) for GLCD_Init
    can_ad_l3_5_main.o(i.main) refers to glcd_lpc1700.o(i.GLCD_Clear) for GLCD_Clear
    can_ad_l3_5_main.o(i.main) refers to glcd_lpc1700.o(i.GLCD_SetBackColor) for GLCD_SetBackColor
    can_ad_l3_5_main.o(i.main) refers to glcd_lpc1700.o(i.GLCD_SetTextColor) for GLCD_SetTextColor
    can_ad_l3_5_main.o(i.main) refers to glcd_lpc1700.o(i.GLCD_DisplayString) for GLCD_DisplayString
    can_ad_l3_5_main.o(i.main) refers to noretval__2sprintf.o(.text) for __2sprintf
    can_ad_l3_5_main.o(i.main) refers to can_ad_l3_5_main.o(i.Timer1_Config) for Timer1_Config
    can_ad_l3_5_main.o(i.main) refers to adc.o(i.ADC_Config) for ADC_Config
    can_ad_l3_5_main.o(i.main) refers to adc.o(i.ADC_StartConversion) for ADC_StartConversion
    can_ad_l3_5_main.o(i.main) refers to can_api.o(i.CAN_Init) for CAN_Init
    can_ad_l3_5_main.o(i.main) refers to can_api.o(i.CAN_Set_Acceptance_Filter_Mode) for CAN_Set_Acceptance_Filter_Mode
    can_ad_l3_5_main.o(i.main) refers to faddsub_clz.o(x$fpl$fsub) for __aeabi_fsub
    can_ad_l3_5_main.o(i.main) refers to f2d.o(x$fpl$f2d) for __aeabi_f2d
    can_ad_l3_5_main.o(i.main) refers to drleqf.o(x$fpl$drleqf) for __aeabi_cdrcmple
    can_ad_l3_5_main.o(i.main) refers to dleqf.o(x$fpl$dleqf) for __aeabi_cdcmple
    can_ad_l3_5_main.o(i.main) refers to strlen.o(.text) for strlen
    can_ad_l3_5_main.o(i.main) refers to can_api.o(i.CAN_Send_Message) for CAN_Send_Message
    can_ad_l3_5_main.o(i.main) refers to can_api.o(i.CAN_Check_for_new_received_Data) for CAN_Check_for_new_received_Data
    can_ad_l3_5_main.o(i.main) refers to can_api.o(i.CAN_Receive_Message) for CAN_Receive_Message
    can_ad_l3_5_main.o(i.main) refers to can_ad_l3_5_main.o(.bss) for NewLine
    can_ad_l3_5_main.o(i.main) refers to can_ad_l3_5_main.o(.data) for AD_New_Value_Ready
    can_ad_l3_5_main.o(i.main) refers to can_api.o(.bss) for My_CAN1_RX_message
    can_api.o(i.CAN_Check_for_new_received_Data) refers to can_api.o(.data) for CAN1_Counter_RX
    can_api.o(i.CAN_Check_for_new_received_Data) refers to can_api.o(.bss) for CAN1_RX_messages
    can_api.o(i.CAN_IRQHandler) refers to can_api.o(i.CAN_Receive_Message) for CAN_Receive_Message
    can_api.o(i.CAN_IRQHandler) refers to can_api.o(.data) for CAN1_Counter_RX
    can_api.o(i.CAN_IRQHandler) refers to can_api.o(.bss) for CAN1_RX_messages
    can_api.o(i.CAN_Init) refers to can_api.o(.data) for CAN_Init_Done
    can_api.o(i.CAN_Receive_Message) refers to can_api.o(.data) for CAN_Rx_Done
    can_api.o(i.CAN_Send_Message) refers to can_api.o(.data) for CAN_Tx_Done
    can_api.o(i.CAN_Set_Acceptance_Filter_Mode) refers to can_api.o(i.CAN_Set_Acceptance_LUT_RAM) for CAN_Set_Acceptance_LUT_RAM
    can_api.o(i.CAN_Set_Acceptance_LUT_RAM) refers to can_api.o(.data) for CAN_LUT_RAM_layout_done
    can_api.o(i.CAN_Set_Acceptance_LUT_RAM) refers to can_api.o(.constdata) for CAN1_Array_FullCAN_IDs
    glcd_lpc1700.o(i.GLCD_Bargraph) refers to glcd_lpc1700.o(i.wr_reg) for wr_reg
    glcd_lpc1700.o(i.GLCD_Bargraph) refers to glcd_lpc1700.o(i.wr_cmd) for wr_cmd
    glcd_lpc1700.o(i.GLCD_Bargraph) refers to glcd_lpc1700.o(i.wr_dat_start) for wr_dat_start
    glcd_lpc1700.o(i.GLCD_Bargraph) refers to glcd_lpc1700.o(i.wr_dat_only) for wr_dat_only
    glcd_lpc1700.o(i.GLCD_Bargraph) refers to glcd_lpc1700.o(i.wr_dat_stop) for wr_dat_stop
[...]
    libinit.o(.ARM.Collect$$libinit$$00000000) refers (Special) to libinit2.o(.ARM.Collect$$libinit$$00000015) for __rt_lib_init_lc_monetary_1
    libinit.o(.ARM.Collect$$libinit$$00000000) refers (Special) to libinit2.o(.ARM.Collect$$libinit$$00000017) for __rt_lib_init_lc_numeric_1
    libinit.o(.ARM.Collect$$libinit$$00000000) refers (Special) to libinit2.o(.ARM.Collect$$libinit$$00000019) for __rt_lib_init_lc_time_1
    libinit.o(.ARM.Collect$$libinit$$00000000) refers (Special) to libinit2.o(.ARM.Collect$$libinit$$00000004) for __rt_lib_init_preinit_1
    libinit.o(.ARM.Collect$$libinit$$00000000) refers (Special) to libinit2.o(.ARM.Collect$$libinit$$0000000E) for __rt_lib_init_rand_1
    libinit.o(.ARM.Collect$$libinit$$00000000) refers (Special) to libinit2.o(.ARM.Collect$$libinit$$00000033) for __rt_lib_init_return
    libinit.o(.ARM.Collect$$libinit$$00000000) refers (Special) to libinit2.o(.ARM.Collect$$libinit$$0000001D) for __rt_lib_init_signal_1
    libinit.o(.ARM.Collect$$libinit$$00000000) refers (Special) to libinit2.o(.ARM.Collect$$libinit$$00000025) for __rt_lib_init_stdio_1
    libinit.o(.ARM.Collect$$libinit$$00000000) refers (Special) to libinit2.o(.ARM.Collect$$libinit$$0000000C) for __rt_lib_init_user_alloc_1
    libinit2.o(.ARM.Collect$$libinit$$0000000F) refers (Weak) to rt_locale_intlibspace.o(.text) for __rt_locale
    libinit2.o(.ARM.Collect$$libinit$$00000010) refers to libinit2.o(.ARM.Collect$$libinit$$0000000F) for .ARM.Collect$$libinit$$0000000F
    libinit2.o(.ARM.Collect$$libinit$$00000012) refers to libinit2.o(.ARM.Collect$$libinit$$0000000F) for .ARM.Collect$$libinit$$0000000F
    libinit2.o(.ARM.Collect$$libinit$$00000014) refers to libinit2.o(.ARM.Collect$$libinit$$0000000F) for .ARM.Collect$$libinit$$0000000F
    libinit2.o(.ARM.Collect$$libinit$$00000016) refers to libinit2.o(.ARM.Collect$$libinit$$0000000F) for .ARM.Collect$$libinit$$0000000F
    libinit2.o(.ARM.Collect$$libinit$$00000016) refers (Weak) to lc_numeric_c.o(locale$$code) for _get_lc_numeric
    libinit2.o(.ARM.Collect$$libinit$$00000018) refers to libinit2.o(.ARM.Collect$$libinit$$0000000F) for .ARM.Collect$$libinit$$0000000F
    libinit2.o(.ARM.Collect$$libinit$$00000026) refers to argv_veneer.o(.emb_text) for __ARM_argv_veneer
    libinit2.o(.ARM.Collect$$libinit$$00000027) refers to argv_veneer.o(.emb_text) for __ARM_argv_veneer
    rtexit.o(.ARM.Collect$$rtexit$$00000000) refers (Special) to rtexit2.o(.ARM.Collect$$rtexit$$00000004) for __rt_exit_exit
    rtexit.o(.ARM.Collect$$rtexit$$00000000) refers (Special) to rtexit2.o(.ARM.Collect$$rtexit$$00000003) for __rt_exit_ls
    rtexit.o(.ARM.Collect$$rtexit$$00000000) refers (Special) to rtexit2.o(.ARM.Collect$$rtexit$$00000002) for __rt_exit_prels_1
    rtexit.o(.ARM.exidx) refers (Special) to rtexit2.o(.ARM.Collect$$rtexit$$00000004) for __rt_exit_exit
    rtexit.o(.ARM.exidx) refers (Special) to rtexit2.o(.ARM.Collect$$rtexit$$00000003) for __rt_exit_ls
    rtexit.o(.ARM.exidx) refers (Special) to rtexit2.o(.ARM.Collect$$rtexit$$00000002) for __rt_exit_prels_1
    rtexit.o(.ARM.exidx) refers to rtexit.o(.ARM.Collect$$rtexit$$00000000) for .ARM.Collect$$rtexit$$00000000
    rt_raise.o(.text) refers to __raise.o(.text) for __raise
    rt_raise.o(.text) refers to sys_exit.o(.text) for _sys_exit
    defsig_exit.o(.text) refers to sys_exit.o(.text) for _sys_exit
    defsig_fpe_inner.o(.text) refers to defsig_general.o(.text) for __default_signal_display
    argv_veneer.o(.emb_text) refers to no_argv.o(.text) for __ARM_get_argv
    sys_exit.o(.text) refers (Special) to use_no_semi.o(.text) for __I$use$semihosting
    sys_exit.o(.text) refers (Special) to indicate_semi.o(.text) for __semihosting_library_function
    rtexit2.o(.ARM.Collect$$rtexit$$00000003) refers to libshutdown.o(.ARM.Collect$$libshutdown$$00000000) for __rt_lib_shutdown
    rtexit2.o(.ARM.Collect$$rtexit$$00000004) refers to sys_exit.o(.text) for _sys_exit
    rtexit2.o(.ARM.exidx) refers to rtexit2.o(.ARM.Collect$$rtexit$$00000001) for .ARM.Collect$$rtexit$$00000001
    rtexit2.o(.ARM.exidx) refers to rtexit2.o(.ARM.Collect$$rtexit$$00000003) for .ARM.Collect$$rtexit$$00000003
    rtexit2.o(.ARM.exidx) refers to rtexit2.o(.ARM.Collect$$rtexit$$00000004) for .ARM.Collect$$rtexit$$00000004
    __raise.o(.text) refers to defsig.o(CL$$defsig) for __default_signal_handler
    defsig_general.o(.text) refers to sys_wrch.o(.text) for _ttywrch
    _get_argv_nomalloc.o(.text) refers (Special) to hrguard.o(.text) for __heap_region$guard
    _get_argv_nomalloc.o(.text) refers to defsig_rtmem_outer.o(.text) for __rt_SIGRTMEM
    _get_argv_nomalloc.o(.text) refers to sys_command.o(.text) for _sys_command_string
    sys_wrch.o(.text) refers (Special) to use_no_semi.o(.text) for __I$use$semihosting
    sys_wrch.o(.text) refers (Special) to indicate_semi.o(.text) for __semihosting_library_function
    sys_command.o(.text) refers (Special) to use_no_semi.o(.text) for __I$use$semihosting
    sys_command.o(.text) refers (Special) to indicate_semi.o(.text) for __semihosting_library_function
    defsig_rtmem_outer.o(.text) refers to defsig_rtmem_inner.o(.text) for __rt_SIGRTMEM_inner
    defsig_rtmem_outer.o(.text) refers to defsig_exit.o(.text) for __sig_exit
    defsig_rtmem_formal.o(.text) refers to rt_raise.o(.text) for __rt_raise
    defsig.o(CL$$defsig) refers to defsig_fpe_inner.o(.text) for __rt_SIGFPE_inner
    defsig.o(CL$$defsig) refers to defsig_rtmem_inner.o(.text) for __rt_SIGRTMEM_inner
    libshutdown.o(.ARM.Collect$$libshutdown$$00000000) refers (Special) to libshutdown2.o(.ARM.Collect$$libshutdown$$00000004) for __rt_lib_shutdown_cpp_1
    libshutdown.o(.ARM.Collect$$libshutdown$$00000000) refers (Special) to libshutdown2.o(.ARM.Collect$$libshutdown$$00000002) for __rt_lib_shutdown_fini_1
    libshutdown.o(.ARM.Collect$$libshutdown$$00000000) refers (Special) to libshutdown2.o(.ARM.Collect$$libshutdown$$00000009) for __rt_lib_shutdown_fp_trap_1
    libshutdown.o(.ARM.Collect$$libshutdown$$00000000) refers (Special) to libshutdown2.o(.ARM.Collect$$libshutdown$$00000011) for __rt_lib_shutdown_heap_1
    libshutdown.o(.ARM.Collect$$libshutdown$$00000000) refers (Special) to libshutdown2.o(.ARM.Collect$$libshutdown$$00000012) for __rt_lib_shutdown_return
    libshutdown.o(.ARM.Collect$$libshutdown$$00000000) refers (Special) to libshutdown2.o(.ARM.Collect$$libshutdown$$0000000C) for __rt_lib_shutdown_signal_1
    libshutdown.o(.ARM.Collect$$libshutdown$$00000000) refers (Special) to libshutdown2.o(.ARM.Collect$$libshutdown$$00000006) for __rt_lib_shutdown_stdio_1
    libshutdown.o(.ARM.Collect$$libshutdown$$00000000) refers (Special) to libshutdown2.o(.ARM.Collect$$libshutdown$$0000000E) for __rt_lib_shutdown_user_alloc_1
    defsig_abrt_inner.o(.text) refers to defsig_general.o(.text) for __default_signal_display
    defsig_rtred_inner.o(.text) refers to defsig_general.o(.text) for __default_signal_display
    defsig_rtmem_inner.o(.text) refers to defsig_general.o(.text) for __default_signal_display
    defsig_stak_inner.o(.text) refers to defsig_general.o(.text) for __default_signal_display
    defsig_pvfn_inner.o(.text) refers to defsig_general.o(.text) for __default_signal_display
    defsig_cppl_inner.o(.text) refers to defsig_general.o(.text) for __default_signal_display
    defsig_segv_inner.o(.text) refers to defsig_general.o(.text) for __default_signal_display
    defsig_other.o(.text) refers to defsig_general.o(.text) for __default_signal_display


==============================================================================

Removing Unused input sections from the image.

    Removing adc.o(.rev16_text), (4 bytes).
    Removing adc.o(.revsh_text), (4 bytes).
    Removing adc.o(.rrx_text), (6 bytes).
    Removing can_ad_l3_5_main.o(.rev16_text), (4 bytes).
    Removing can_ad_l3_5_main.o(.revsh_text), (4 bytes).
    Removing can_ad_l3_5_main.o(.rrx_text), (6 bytes).
    Removing can_ad_l3_5_main.o(.constdata), (2 bytes).
    Removing can_api.o(.rev16_text), (4 bytes).
    Removing can_api.o(.revsh_text), (4 bytes).
    Removing can_api.o(.rrx_text), (6 bytes).
    Removing glcd_lpc1700.o(.rev16_text), (4 bytes).
    Removing glcd_lpc1700.o(.revsh_text), (4 bytes).
    Removing glcd_lpc1700.o(.rrx_text), (6 bytes).
    Removing glcd_lpc1700.o(i.GLCD_Bargraph), (264 bytes).
    Removing glcd_lpc1700.o(i.GLCD_Bitmap), (236 bytes).
    Removing glcd_lpc1700.o(i.GLCD_Bmp), (236 bytes).
    Removing glcd_lpc1700.o(i.GLCD_ClearLn), (44 bytes).
    Removing glcd_lpc1700.o(i.GLCD_PutPixel), (108 bytes).
    Removing system_lpc17xx.o(.rev16_text), (4 bytes).
    Removing system_lpc17xx.o(.revsh_text), (4 bytes).
    Removing system_lpc17xx.o(.rrx_text), (6 bytes).
    Removing system_lpc17xx.o(i.SystemCoreClockUpdate), (424 bytes).
    Removing system_lpc17xx.o(.data), (4 bytes).

23 unused section(s) (total 1388 bytes) removed from the image.

==============================================================================

Image Symbol Table

    Local Symbols

    Symbol Name                              Value     Ov Type        Size  Object(Section)

    RESET                                    0x00000000   Section      204  startup_lpc17xx.o(RESET)
    ../clib/angel/boardlib.s                 0x00000000   Number         0  boardshut.o ABSOLUTE
    ../clib/angel/boardlib.s                 0x00000000   Number         0  boardinit1.o ABSOLUTE
    ../clib/angel/boardlib.s                 0x00000000   Number         0  boardinit2.o ABSOLUTE
    ../clib/angel/boardlib.s                 0x00000000   Number         0  boardinit3.o ABSOLUTE
    ../clib/angel/handlers.s                 0x00000000   Number         0  __scatter_zi.o ABSOLUTE
    ../clib/angel/handlers.s                 0x00000000   Number         0  __scatter_copy.o ABSOLUTE
    ../clib/angel/kernel.s                   0x00000000   Number         0  rtexit.o ABSOLUTE
    ../clib/angel/kernel.s                   0x00000000   Number         0  rtexit2.o ABSOLUTE
    ../clib/angel/kernel.s                   0x00000000   Number         0  __rtentry.o ABSOLUTE
    ../clib/angel/kernel.s                   0x00000000   Number         0  __rtentry4.o ABSOLUTE
    ../clib/angel/kernel.s                   0x00000000   Number         0  __rtentry2.o ABSOLUTE
    ../clib/angel/rt.s                       0x00000000   Number         0  aeabi_ldiv0.o ABSOLUTE
    ../clib/angel/rt.s                       0x00000000   Number         0  aeabi_ldiv0_sigfpe.o ABSOLUTE
    ../clib/angel/rt.s                       0x00000000   Number         0  rt_locale_intlibspace.o ABSOLUTE
    ../clib/angel/rt.s                       0x00000000   Number         0  rt_locale.o ABSOLUTE
    ../clib/angel/rt.s                       0x00000000   Number         0  rt_div0.o ABSOLUTE
    ../clib/angel/rt.s                       0x00000000   Number         0  rt_raise.o ABSOLUTE
    ../clib/angel/scatter.s                  0x00000000   Number         0  __scatter.o ABSOLUTE
    ../clib/angel/startup.s                  0x00000000   Number         0  __main.o ABSOLUTE
    ../clib/angel/sys.s                      0x00000000   Number         0  libspace.o ABSOLUTE
    ../clib/angel/sys.s                      0x00000000   Number         0  sys_stackheap_outer.o ABSOLUTE
    ../clib/angel/sys.s                      0x00000000   Number         0  use_no_semi.o ABSOLUTE
    ../clib/angel/sys.s                      0x00000000   Number         0  indicate_semi.o ABSOLUTE
    ../clib/angel/sysapp.c                   0x00000000   Number         0  sys_exit.o ABSOLUTE
    ../clib/angel/sysapp.c                   0x00000000   Number         0  sys_wrch.o ABSOLUTE
    ../clib/angel/sysapp.c                   0x00000000   Number         0  sys_command.o ABSOLUTE
    ../clib/armsys.c                         0x00000000   Number         0  argv_veneer.o ABSOLUTE
    ../clib/armsys.c                         0x00000000   Number         0  argv_veneer.o ABSOLUTE
    ../clib/armsys.c                         0x00000000   Number         0  no_argv.o ABSOLUTE
    ../clib/armsys.c                         0x00000000   Number         0  _get_argv_nomalloc.o ABSOLUTE
    ../clib/bigflt.c                         0x00000000   Number         0  bigflt0.o ABSOLUTE
    ../clib/btod.s                           0x00000000   Number         0  btod.o ABSOLUTE
    ../clib/heapalloc.c                      0x00000000   Number         0  hrguard.o ABSOLUTE
    ../clib/heapaux.c                        0x00000000   Number         0  heapauxi.o ABSOLUTE
    ../clib/libinit.s                        0x00000000   Number         0  libinit.o ABSOLUTE
    ../clib/libinit.s                        0x00000000   Number         0  libinit2.o ABSOLUTE
    ../clib/libinit.s                        0x00000000   Number         0  libshutdown.o ABSOLUTE
    ../clib/libinit.s                        0x00000000   Number         0  libshutdown2.o ABSOLUTE
    ../clib/locale.s                         0x00000000   Number         0  lc_numeric_c.o ABSOLUTE
    ../clib/longlong.s                       0x00000000   Number         0  lludivv7m.o ABSOLUTE
    ../clib/longlong.s                       0x00000000   Number         0  lludiv10.o ABSOLUTE
    ../clib/memcpset.s                       0x00000000   Number         0  strcmpv7m.o ABSOLUTE
    ../clib/misc.s                           0x00000000   Number         0  printf_stubs.o ABSOLUTE
    ../clib/printf.c                         0x00000000   Number         0  _printf_hex_int_ll_ptr.o ABSOLUTE
    ../clib/printf.c                         0x00000000   Number         0  __printf_flags.o ABSOLUTE
    ../clib/printf.c                         0x00000000   Number         0  __printf_ss.o ABSOLUTE
    ../clib/printf.c                         0x00000000   Number         0  __printf_flags_ss.o ABSOLUTE
    ../clib/printf.c                         0x00000000   Number         0  __printf_wp.o ABSOLUTE
    ../clib/printf.c                         0x00000000   Number         0  __printf_flags_wp.o ABSOLUTE
    ../clib/printf.c                         0x00000000   Number         0  __printf_ss_wp.o ABSOLUTE
    ../clib/printf.c                         0x00000000   Number         0  __printf_flags_ss_wp.o ABSOLUTE
    ../clib/printf.c                         0x00000000   Number         0  _printf_fp_infnan.o ABSOLUTE
    ../clib/printf.c                         0x00000000   Number         0  __printf_nopercent.o ABSOLUTE
    ../clib/printf.c                         0x00000000   Number         0  _printf_intcommon.o ABSOLUTE
    ../clib/printf.c                         0x00000000   Number         0  _printf_fp_dec.o ABSOLUTE
    ../clib/printf.c                         0x00000000   Number         0  _printf_char_common.o ABSOLUTE
    ../clib/printf.c                         0x00000000   Number         0  _sputc.o ABSOLUTE
    ../clib/printf.c                         0x00000000   Number         0  __2sprintf.o ABSOLUTE
    ../clib/printf.c                         0x00000000   Number         0  noretval__2sprintf.o ABSOLUTE
    ../clib/printf.c                         0x00000000   Number         0  __printf.o ABSOLUTE
    ../clib/printf.c                         0x00000000   Number         0  _printf_pad.o ABSOLUTE
    ../clib/printf.c                         0x00000000   Number         0  _printf_hex_ll.o ABSOLUTE
    ../clib/printf.c                         0x00000000   Number         0  _printf_hex_int.o ABSOLUTE
    ../clib/printf.c                         0x00000000   Number         0  _printf_hex_int_ll.o ABSOLUTE
    ../clib/printf.c                         0x00000000   Number         0  _printf_hex_ptr.o ABSOLUTE
    ../clib/printf.c                         0x00000000   Number         0  _printf_hex_int_ptr.o ABSOLUTE
    ../clib/printf.c                         0x00000000   Number         0  _printf_hex_ll_ptr.o ABSOLUTE
    ../clib/printf_percent.s                 0x00000000   Number         0  _printf_percent.o ABSOLUTE
    ../clib/printf_percent.s                 0x00000000   Number         0  _printf_f.o ABSOLUTE
    ../clib/printf_percent.s                 0x00000000   Number         0  _printf_x.o ABSOLUTE
    ../clib/printf_percent.s                 0x00000000   Number         0  _printf_percent_end.o ABSOLUTE
    ../clib/signal.c                         0x00000000   Number         0  defsig_fpe_formal.o ABSOLUTE
    ../clib/signal.c                         0x00000000   Number         0  defsig_fpe_outer.o ABSOLUTE
    ../clib/signal.c                         0x00000000   Number         0  defsig_other.o ABSOLUTE
    ../clib/signal.c                         0x00000000   Number         0  defsig_rtmem_outer.o ABSOLUTE
    ../clib/signal.c                         0x00000000   Number         0  defsig_rtmem_formal.o ABSOLUTE
    ../clib/signal.c                         0x00000000   Number         0  defsig_fpe_inner.o ABSOLUTE
    ../clib/signal.c                         0x00000000   Number         0  defsig_segv_inner.o ABSOLUTE
    ../clib/signal.c                         0x00000000   Number         0  defsig_abrt_inner.o ABSOLUTE
    ../clib/signal.c                         0x00000000   Number         0  defsig_exit.o ABSOLUTE
    ../clib/signal.c                         0x00000000   Number         0  defsig_cppl_inner.o ABSOLUTE
    ../clib/signal.c                         0x00000000   Number         0  defsig_rtred_inner.o ABSOLUTE
    ../clib/signal.c                         0x00000000   Number         0  defsig_general.o ABSOLUTE
    ../clib/signal.c                         0x00000000   Number         0  defsig_rtmem_inner.o ABSOLUTE
    ../clib/signal.c                         0x00000000   Number         0  __raise.o ABSOLUTE
    ../clib/signal.c                         0x00000000   Number         0  defsig_stak_inner.o ABSOLUTE
    ../clib/signal.c                         0x00000000   Number         0  defsig_pvfn_inner.o ABSOLUTE
    ../clib/signal.s                         0x00000000   Number         0  defsig.o ABSOLUTE
    ../clib/stdlib.c                         0x00000000   Number         0  exit.o ABSOLUTE
    ../clib/string.c                         0x00000000   Number         0  strlen.o ABSOLUTE
    ../fplib/d2f.s                           0x00000000   Number         0  d2f.o ABSOLUTE
    ../fplib/dcmpi.s                         0x00000000   Number         0  dcmpi.o ABSOLUTE
    ../fplib/ddiv.s                          0x00000000   Number         0  ddiv.o ABSOLUTE
    ../fplib/dleqf.s                         0x00000000   Number         0  dleqf.o ABSOLUTE
    ../fplib/dmul.s                          0x00000000   Number         0  dmul.o ABSOLUTE
    ../fplib/dnaninf.s                       0x00000000   Number         0  dnaninf.o ABSOLUTE
    ../fplib/dretinf.s                       0x00000000   Number         0  dretinf.o ABSOLUTE
    ../fplib/drleqf.s                        0x00000000   Number         0  drleqf.o ABSOLUTE
    ../fplib/f2d.s                           0x00000000   Number         0  f2d.o ABSOLUTE
    ../fplib/faddsub.s                       0x00000000   Number         0  faddsub_clz.o ABSOLUTE
    ../fplib/fflt.s                          0x00000000   Number         0  fflt_clz.o ABSOLUTE
    ../fplib/fnaninf.s                       0x00000000   Number         0  fnaninf.o ABSOLUTE
    ../fplib/fpinit.s                        0x00000000   Number         0  fpinit.o ABSOLUTE
    ../fplib/fretinf.s                       0x00000000   Number         0  fretinf.o ABSOLUTE
    ../fplib/istatus.s                       0x00000000   Number         0  istatus.o ABSOLUTE
    ../fplib/printf1.s                       0x00000000   Number         0  printf1.o ABSOLUTE
    ../fplib/usenofp.s                       0x00000000   Number         0  usenofp.o ABSOLUTE
    ../mathlib/fpclassify.c                  0x00000000   Number         0  fpclassify.o ABSOLUTE
    CAN_AD_L3_5_main.c                       0x00000000   Number         0  can_ad_l3_5_main.o ABSOLUTE
    CAN_AD_L3_5_main.c                       0x00000000   Number         0  can_ad_l3_5_main.o ABSOLUTE
    GLCD_LPC1700.c                           0x00000000   Number         0  glcd_lpc1700.o ABSOLUTE
    GLCD_LPC1700.c                           0x00000000   Number         0  glcd_lpc1700.o ABSOLUTE
    RTE\Device\LPC1768\startup_LPC17xx.s     0x00000000   Number         0  startup_lpc17xx.o ABSOLUTE
    RTE\Device\LPC1768\system_LPC17xx.c      0x00000000   Number         0  system_lpc17xx.o ABSOLUTE
    RTE\\Device\\LPC1768\\system_LPC17xx.c   0x00000000   Number         0  system_lpc17xx.o ABSOLUTE
    adc.c                                    0x00000000   Number         0  adc.o ABSOLUTE
    adc.c                                    0x00000000   Number         0  adc.o ABSOLUTE
    can_api.c                                0x00000000   Number         0  can_api.o ABSOLUTE
    can_api.c                                0x00000000   Number         0  can_api.o ABSOLUTE
    dc.s                                     0x00000000   Number         0  dc.o ABSOLUTE
    !!!main                                  0x000000cc   Section        8  __main.o(!!!main)
    !!!scatter                               0x000000d4   Section       52  __scatter.o(!!!scatter)
    !!handler_copy                           0x00000108   Section       26  __scatter_copy.o(!!handler_copy)
    !!handler_zi                             0x00000124   Section       28  __scatter_zi.o(!!handler_zi)
    .ARM.Collect$$_printf_percent$$00000000  0x00000140   Section        0  _printf_percent.o(.ARM.Collect$$_printf_percent$$00000000)
    .ARM.Collect$$_printf_percent$$00000003  0x00000140   Section        6  _printf_f.o(.ARM.Collect$$_printf_percent$$00000003)
    .ARM.Collect$$_printf_percent$$0000000C  0x00000146   Section        6  _printf_x.o(.ARM.Collect$$_printf_percent$$0000000C)
    .ARM.Collect$$_printf_percent$$00000017  0x0000014c   Section        4  _printf_percent_end.o(.ARM.Collect$$_printf_percent$$00000017)
    .ARM.Collect$$libinit$$00000000          0x00000150   Section        2  libinit.o(.ARM.Collect$$libinit$$00000000)
    .ARM.Collect$$libinit$$00000002          0x00000152   Section        0  libinit2.o(.ARM.Collect$$libinit$$00000002)
    .ARM.Collect$$libinit$$00000004          0x00000152   Section        0  libinit2.o(.ARM.Collect$$libinit$$00000004)
    .ARM.Collect$$libinit$$0000000A          0x00000152   Section        0  libinit2.o(.ARM.Collect$$libinit$$0000000A)
    .ARM.Collect$$libinit$$0000000C          0x00000152   Section        0  libinit2.o(.ARM.Collect$$libinit$$0000000C)
    .ARM.Collect$$libinit$$0000000E          0x00000152   Section        0  libinit2.o(.ARM.Collect$$libinit$$0000000E)
    .ARM.Collect$$libinit$$0000000F          0x00000152   Section        6  libinit2.o(.ARM.Collect$$libinit$$0000000F)
    .ARM.Collect$$libinit$$00000011          0x00000158   Section        0  libinit2.o(.ARM.Collect$$libinit$$00000011)
    .ARM.Collect$$libinit$$00000013          0x00000158   Section        0  libinit2.o(.ARM.Collect$$libinit$$00000013)
    .ARM.Collect$$libinit$$00000015          0x00000158   Section        0  libinit2.o(.ARM.Collect$$libinit$$00000015)
    .ARM.Collect$$libinit$$00000016          0x00000158   Section       10  libinit2.o(.ARM.Collect$$libinit$$00000016)
    .ARM.Collect$$libinit$$00000017          0x00000162   Section        0  libinit2.o(.ARM.Collect$$libinit$$00000017)
    .ARM.Collect$$libinit$$00000019          0x00000162   Section        0  libinit2.o(.ARM.Collect$$libinit$$00000019)
    .ARM.Collect$$libinit$$0000001B          0x00000162   Section        0  libinit2.o(.ARM.Collect$$libinit$$0000001B)
    .ARM.Collect$$libinit$$0000001D          0x00000162   Section        0  libinit2.o(.ARM.Collect$$libinit$$0000001D)
    .ARM.Collect$$libinit$$0000001F          0x00000162   Section        0  libinit2.o(.ARM.Collect$$libinit$$0000001F)
    .ARM.Collect$$libinit$$00000021          0x00000162   Section        0  libinit2.o(.ARM.Collect$$libinit$$00000021)
    .ARM.Collect$$libinit$$00000023          0x00000162   Section        0  libinit2.o(.ARM.Collect$$libinit$$00000023)
    .ARM.Collect$$libinit$$00000025          0x00000162   Section        0  libinit2.o(.ARM.Collect$$libinit$$00000025)
    .ARM.Collect$$libinit$$0000002C          0x00000162   Section        0  libinit2.o(.ARM.Collect$$libinit$$0000002C)
    .ARM.Collect$$libinit$$0000002E          0x00000162   Section        0  libinit2.o(.ARM.Collect$$libinit$$0000002E)
    .ARM.Collect$$libinit$$00000030          0x00000162   Section        0  libinit2.o(.ARM.Collect$$libinit$$00000030)
    .ARM.Collect$$libinit$$00000032          0x00000162   Section        0  libinit2.o(.ARM.Collect$$libinit$$00000032)
    .ARM.Collect$$libinit$$00000033          0x00000162   Section        2  libinit2.o(.ARM.Collect$$libinit$$00000033)
    .ARM.Collect$$libshutdown$$00000000      0x00000164   Section        2  libshutdown.o(.ARM.Collect$$libshutdown$$00000000)
    .ARM.Collect$$libshutdown$$00000002      0x00000166   Section        0  libshutdown2.o(.ARM.Collect$$libshutdown$$00000002)
    .ARM.Collect$$libshutdown$$00000004      0x00000166   Section        0  libshutdown2.o(.ARM.Collect$$libshutdown$$00000004)
    .ARM.Collect$$libshutdown$$00000006      0x00000166   Section        0  libshutdown2.o(.ARM.Collect$$libshutdown$$00000006)
    .ARM.Collect$$libshutdown$$00000009      0x00000166   Section        0  libshutdown2.o(.ARM.Collect$$libshutdown$$00000009)
    .ARM.Collect$$libshutdown$$0000000C      0x00000166   Section        0  libshutdown2.o(.ARM.Collect$$libshutdown$$0000000C)
    .ARM.Collect$$libshutdown$$0000000E      0x00000166   Section        0  libshutdown2.o(.ARM.Collect$$libshutdown$$0000000E)
    .ARM.Collect$$libshutdown$$00000011      0x00000166   Section        0  libshutdown2.o(.ARM.Collect$$libshutdown$$00000011)
    .ARM.Collect$$libshutdown$$00000012      0x00000166   Section        2  libshutdown2.o(.ARM.Collect$$libshutdown$$00000012)
    .ARM.Collect$$rtentry$$00000000          0x00000168   Section        0  __rtentry.o(.ARM.Collect$$rtentry$$00000000)
    .ARM.Collect$$rtentry$$00000002          0x00000168   Section        0  __rtentry2.o(.ARM.Collect$$rtentry$$00000002)
    .ARM.Collect$$rtentry$$00000004          0x00000168   Section        6  __rtentry4.o(.ARM.Collect$$rtentry$$00000004)
    .ARM.Collect$$rtentry$$00000009          0x0000016e   Section        0  __rtentry2.o(.ARM.Collect$$rtentry$$00000009)
    .ARM.Collect$$rtentry$$0000000A          0x0000016e   Section        4  __rtentry2.o(.ARM.Collect$$rtentry$$0000000A)
    .ARM.Collect$$rtentry$$0000000C          0x00000172   Section        0  __rtentry2.o(.ARM.Collect$$rtentry$$0000000C)
    .ARM.Collect$$rtentry$$0000000D          0x00000172   Section        8  __rtentry2.o(.ARM.Collect$$rtentry$$0000000D)
    .ARM.Collect$$rtexit$$00000000           0x0000017a   Section        2  rtexit.o(.ARM.Collect$$rtexit$$00000000)
    .ARM.Collect$$rtexit$$00000002           0x0000017c   Section        0  rtexit2.o(.ARM.Collect$$rtexit$$00000002)
    .ARM.Collect$$rtexit$$00000003           0x0000017c   Section        4  rtexit2.o(.ARM.Collect$$rtexit$$00000003)
    .ARM.Collect$$rtexit$$00000004           0x00000180   Section        6  rtexit2.o(.ARM.Collect$$rtexit$$00000004)
    .emb_text                                0x00000188   Section        4  glcd_lpc1700.o(.emb_text)
    .text                                    0x0000018c   Section       60  startup_lpc17xx.o(.text)
    .text                                    0x000001c8   Section        0  noretval__2sprintf.o(.text)
    .text                                    0x000001f0   Section        0  _printf_pad.o(.text)
    .text                                    0x00000240   Section        0  _printf_hex_int.o(.text)
    .text                                    0x00000298   Section        0  strlen.o(.text)
    .text                                    0x000002d6   Section        0  heapauxi.o(.text)
    .text                                    0x000002dc   Section        0  _sputc.o(.text)
    .text                                    0x000002e8   Section        8  rt_locale_intlibspace.o(.text)
    .text                                    0x000002f0   Section        8  libspace.o(.text)
    .text                                    0x000002f8   Section        2  use_no_semi.o(.text)
    .text                                    0x000002fa   Section        0  indicate_semi.o(.text)
    x$fpl$usenofp                            0x000002fa   Section        0  usenofp.o(x$fpl$usenofp)
    .ARM.__at_0x02FC                         0x000002fc   Section        4  startup_lpc17xx.o(.ARM.__at_0x02FC)
    .text                                    0x00000300   Section        0  __printf_flags_wp.o(.text)
    .text                                    0x00000438   Section        0  _printf_intcommon.o(.text)
    .text                                    0x000004ea   Section        0  _printf_fp_dec.o(.text)
    _fp_digits                               0x000004ed   Thumb Code   432  _printf_fp_dec.o(.text)
    .text                                    0x00000908   Section        0  _printf_char_common.o(.text)
    _printf_input_char                       0x00000909   Thumb Code    10  _printf_char_common.o(.text)
    .text                                    0x00000938   Section      138  lludiv10.o(.text)
    .text                                    0x000009c4   Section        0  _printf_fp_infnan.o(.text)
    .text                                    0x00000a44   Section        0  bigflt0.o(.text)
    .text                                    0x00000b28   Section       74  sys_stackheap_outer.o(.text)
    .text                                    0x00000b72   Section        0  exit.o(.text)
    .text                                    0x00000b84   Section      128  strcmpv7m.o(.text)
    .text                                    0x00000c04   Section        0  sys_exit.o(.text)
    CL$$btod_d2e                             0x00000c10   Section       62  btod.o(CL$$btod_d2e)
    CL$$btod_d2e_denorm_low                  0x00000c4e   Section       70  btod.o(CL$$btod_d2e_denorm_low)
    CL$$btod_d2e_norm_op1                    0x00000c94   Section       96  btod.o(CL$$btod_d2e_norm_op1)
    CL$$btod_div_common                      0x00000cf4   Section      824  btod.o(CL$$btod_div_common)
    CL$$btod_e2e                             0x0000102c   Section      220  btod.o(CL$$btod_e2e)
    CL$$btod_ediv                            0x00001108   Section       42  btod.o(CL$$btod_ediv)
    CL$$btod_emul                            0x00001132   Section       42  btod.o(CL$$btod_emul)
    CL$$btod_mult_common                     0x0000115c   Section      580  btod.o(CL$$btod_mult_common)
    i.ADC_Config                             0x000013a0   Section        0  adc.o(i.ADC_Config)
    i.ADC_StartConversion                    0x000013ec   Section        0  adc.o(i.ADC_StartConversion)
    i.CAN_Check_for_new_received_Data        0x00001414   Section        0  can_api.o(i.CAN_Check_for_new_received_Data)
    i.CAN_IRQHandler                         0x000015ec   Section        0  can_api.o(i.CAN_IRQHandler)
    i.CAN_Init                               0x0000168c   Section        0  can_api.o(i.CAN_Init)
    i.CAN_Receive_Message                    0x000017ac   Section        0  can_api.o(i.CAN_Receive_Message)
    i.CAN_Send_Message                       0x000018a4   Section        0  can_api.o(i.CAN_Send_Message)
    i.CAN_Set_Acceptance_Filter_Mode         0x00001b28   Section        0  can_api.o(i.CAN_Set_Acceptance_Filter_Mode)
    i.CAN_Set_Acceptance_LUT_RAM             0x00001b80   Section        0  can_api.o(i.CAN_Set_Acceptance_LUT_RAM)
    i.GLCD_Clear                             0x00001e64   Section        0  glcd_lpc1700.o(i.GLCD_Clear)
    i.GLCD_DisplayChar                       0x00001ecc   Section        0  glcd_lpc1700.o(i.GLCD_DisplayChar)
    i.GLCD_DisplayString                     0x00001efc   Section        0  glcd_lpc1700.o(i.GLCD_DisplayString)
    i.GLCD_DrawChar                          0x00001f20   Section        0  glcd_lpc1700.o(i.GLCD_DrawChar)
    i.GLCD_Init                              0x00002018   Section        0  glcd_lpc1700.o(i.GLCD_Init)
    i.GLCD_SetBackColor                      0x00002828   Section        0  glcd_lpc1700.o(i.GLCD_SetBackColor)
    i.GLCD_SetTextColor                      0x00002834   Section        0  glcd_lpc1700.o(i.GLCD_SetTextColor)
    i.GLCD_WindowMax                         0x00002840   Section        0  glcd_lpc1700.o(i.GLCD_WindowMax)
    i.SystemInit                             0x0000289c   Section        0  system_lpc17xx.o(i.SystemInit)
    i.TIMER1_IRQHandler                      0x000029dc   Section        0  can_ad_l3_5_main.o(i.TIMER1_IRQHandler)
    i.Timer1_Config                          0x00002a64   Section        0  can_ad_l3_5_main.o(i.Timer1_Config)
    i.__ARM_fpclassify                       0x00002ae4   Section        0  fpclassify.o(i.__ARM_fpclassify)
    i._is_digit                              0x00002b0c   Section        0  __printf_wp.o(i._is_digit)
    i.delay                                  0x00002b1a   Section        0  glcd_lpc1700.o(i.delay)
    delay                                    0x00002b1b   Thumb Code    14  glcd_lpc1700.o(i.delay)
    i.lcd_send                               0x00002b28   Section        0  glcd_lpc1700.o(i.lcd_send)
    lcd_send                                 0x00002b29   Thumb Code    44  glcd_lpc1700.o(i.lcd_send)
    i.main                                   0x00002b58   Section        0  can_ad_l3_5_main.o(i.main)
    i.rd_dat                                 0x00002efc   Section        0  glcd_lpc1700.o(i.rd_dat)
    rd_dat                                   0x00002efd   Thumb Code    98  glcd_lpc1700.o(i.rd_dat)
    i.rd_reg                                 0x00002f64   Section        0  glcd_lpc1700.o(i.rd_reg)
    rd_reg                                   0x00002f65   Thumb Code    38  glcd_lpc1700.o(i.rd_reg)
    i.wait_delay                             0x00002f90   Section        0  glcd_lpc1700.o(i.wait_delay)
    i.wr_cmd                                 0x00002f9c   Section        0  glcd_lpc1700.o(i.wr_cmd)
    wr_cmd                                   0x00002f9d   Thumb Code    44  glcd_lpc1700.o(i.wr_cmd)
    i.wr_dat                                 0x00002fcc   Section        0  glcd_lpc1700.o(i.wr_dat)
    wr_dat                                   0x00002fcd   Thumb Code    44  glcd_lpc1700.o(i.wr_dat)
    i.wr_dat_only                            0x00002ffc   Section        0  glcd_lpc1700.o(i.wr_dat_only)
    wr_dat_only                              0x00002ffd   Thumb Code    32  glcd_lpc1700.o(i.wr_dat_only)
    i.wr_dat_start                           0x00003020   Section        0  glcd_lpc1700.o(i.wr_dat_start)
    wr_dat_start                             0x00003021   Thumb Code    10  glcd_lpc1700.o(i.wr_dat_start)
    i.wr_dat_stop                            0x00003030   Section        0  glcd_lpc1700.o(i.wr_dat_stop)
    wr_dat_stop                              0x00003031   Thumb Code    10  glcd_lpc1700.o(i.wr_dat_stop)
    i.wr_reg                                 0x00003040   Section        0  glcd_lpc1700.o(i.wr_reg)
    wr_reg                                   0x00003041   Thumb Code    36  glcd_lpc1700.o(i.wr_reg)
    locale$$code                             0x00003068   Section       44  lc_numeric_c.o(locale$$code)
    x$fpl$d2f                                0x00003094   Section       98  d2f.o(x$fpl$d2f)
    x$fpl$dcmpinf                            0x000030f6   Section       24  dcmpi.o(x$fpl$dcmpinf)
    x$fpl$ddiv                               0x00003110   Section      688  ddiv.o(x$fpl$ddiv)
    ddiv_entry                               0x00003117   Thumb Code     0  ddiv.o(x$fpl$ddiv)
    x$fpl$dleqf                              0x000033c0   Section      120  dleqf.o(x$fpl$dleqf)
    x$fpl$dmul                               0x00003438   Section      340  dmul.o(x$fpl$dmul)
    x$fpl$dnaninf                            0x0000358c   Section      156  dnaninf.o(x$fpl$dnaninf)
    x$fpl$dretinf                            0x00003628   Section       12  dretinf.o(x$fpl$dretinf)
    x$fpl$drleqf                             0x00003634   Section      108  drleqf.o(x$fpl$drleqf)
    x$fpl$f2d                                0x000036a0   Section       86  f2d.o(x$fpl$f2d)
    x$fpl$fadd                               0x000036f8   Section      196  faddsub_clz.o(x$fpl$fadd)
    _fadd1                                   0x00003707   Thumb Code     0  faddsub_clz.o(x$fpl$fadd)
    x$fpl$fflt                               0x000037bc   Section       48  fflt_clz.o(x$fpl$fflt)
    x$fpl$fnaninf                            0x000037ec   Section      140  fnaninf.o(x$fpl$fnaninf)
    x$fpl$fretinf                            0x00003878   Section       10  fretinf.o(x$fpl$fretinf)
    x$fpl$fsub                               0x00003884   Section      234  faddsub_clz.o(x$fpl$fsub)
    _fsub1                                   0x00003893   Thumb Code     0  faddsub_clz.o(x$fpl$fsub)
    x$fpl$printf1                            0x0000396e   Section        4  printf1.o(x$fpl$printf1)
    .constdata                               0x00003974   Section      120  can_api.o(.constdata)
    .constdata                               0x000039ec   Section     5376  glcd_lpc1700.o(.constdata)
    .constdata                               0x00004eec   Section       40  _printf_hex_int.o(.constdata)
    uc_hextab                                0x00004eec   Data          20  _printf_hex_int.o(.constdata)
    lc_hextab                                0x00004f00   Data          20  _printf_hex_int.o(.constdata)
    .constdata                               0x00004f14   Section       17  __printf_flags_wp.o(.constdata)
    maptable                                 0x00004f14   Data          17  __printf_flags_wp.o(.constdata)
    .constdata                               0x00004f28   Section      148  bigflt0.o(.constdata)
    tenpwrs_x                                0x00004f28   Data          60  bigflt0.o(.constdata)
    tenpwrs_i                                0x00004f64   Data          64  bigflt0.o(.constdata)
    locale$$data                             0x00004ffc   Section       28  lc_numeric_c.o(locale$$data)
    __lcnum_c_name                           0x00005000   Data           2  lc_numeric_c.o(locale$$data)
    __lcnum_c_start                          0x00005008   Data           0  lc_numeric_c.o(locale$$data)
    __lcnum_c_point                          0x00005014   Data           0  lc_numeric_c.o(locale$$data)
    __lcnum_c_thousands                      0x00005016   Data           0  lc_numeric_c.o(locale$$data)
    __lcnum_c_grouping                       0x00005017   Data           0  lc_numeric_c.o(locale$$data)
    __lcnum_c_end                            0x00005018   Data           0  lc_numeric_c.o(locale$$data)
    .data                                    0x10000000   Section       36  can_api.o(.data)
    .bss                                     0x10000024   Section      688  can_api.o(.bss)
    .data                                    0x2007c000   Section       60  can_ad_l3_5_main.o(.data)
    .data                                    0x2007c03c   Section        6  glcd_lpc1700.o(.data)
    TextColor                                0x2007c03c   Data           2  glcd_lpc1700.o(.data)
    BackColor                                0x2007c03e   Data           2  glcd_lpc1700.o(.data)
    driverCode                               0x2007c040   Data           2  glcd_lpc1700.o(.data)
    .bss                                     0x2007c044   Section       37  can_ad_l3_5_main.o(.bss)
    .bss                                     0x2007c06c   Section       96  libspace.o(.bss)
    HEAP                                     0x2007c0d0   Section        0  startup_lpc17xx.o(HEAP)
    STACK                                    0x2007c0d0   Section      512  startup_lpc17xx.o(STACK)
    Heap_Mem                                 0x2007c0d0   Data           0  startup_lpc17xx.o(HEAP)
    Stack_Mem                                0x2007c0d0   Data         512  startup_lpc17xx.o(STACK)
    __initial_sp                             0x2007c2d0   Data           0  startup_lpc17xx.o(STACK)

    Global Symbols

    Symbol Name                              Value     Ov Type        Size  Object(Section)

    BuildAttributes$$THM_ISAv4$P$D$K$B$S$PE$A:L22UL41UL21$X:L11$S22US41US21$IEEE1$IW$USESV6$~STKCKD$USESV7$~SHL$OTIME$ROPI$IEEEJ$EBA8$UX$STANDARDLIB$REQ8$PRES8$EABIv2 0x00000000   Number         0  anon$$obj.o ABSOLUTE
    __ARM_use_no_argv                        0x00000000   Number         0  can_ad_l3_5_main.o ABSOLUTE
    __Vectors                                0x00000000   Data           4  startup_lpc17xx.o(RESET)
    _printf_flags                            0x00000000   Number         0  printf_stubs.o ABSOLUTE
    _printf_return_value                     0x00000000   Number         0  printf_stubs.o ABSOLUTE
    _printf_sizespec                         0x00000000   Number         0  printf_stubs.o ABSOLUTE
    _printf_widthprec                        0x00000000   Number         0  printf_stubs.o ABSOLUTE
    __ARM_exceptions_init                     - Undefined Weak Reference
    __alloca_initialize                       - Undefined Weak Reference
    __arm_fini_                               - Undefined Weak Reference
    __arm_preinit_                            - Undefined Weak Reference
    __cpp_initialize__aeabi_                  - Undefined Weak Reference
    __cxa_finalize                            - Undefined Weak Reference
    __sigvec_lookup                           - Undefined Weak Reference
    _atexit_init                              - Undefined Weak Reference
    _call_atexit_fns                          - Undefined Weak Reference
    _clock_init                               - Undefined Weak Reference
    _fp_trap_init                             - Undefined Weak Reference
    _fp_trap_shutdown                         - Undefined Weak Reference
    _get_lc_collate                           - Undefined Weak Reference
    _get_lc_ctype                             - Undefined Weak Reference
    _get_lc_monetary                          - Undefined Weak Reference
    _get_lc_time                              - Undefined Weak Reference
    _getenv_init                              - Undefined Weak Reference
    _handle_redirection                       - Undefined Weak Reference
    _init_alloc                               - Undefined Weak Reference
    _init_user_alloc                          - Undefined Weak Reference
    _initio                                   - Undefined Weak Reference
    _printf_truncate_unsigned                 - Undefined Weak Reference
    _rand_init                                - Undefined Weak Reference
    _signal_finish                            - Undefined Weak Reference
    _signal_init                              - Undefined Weak Reference
    _terminate_alloc                          - Undefined Weak Reference
    _terminate_user_alloc                     - Undefined Weak Reference
    _terminateio                              - Undefined Weak Reference
    __main                                   0x000000cd   Thumb Code     8  __main.o(!!!main)
    __scatterload                            0x000000d5   Thumb Code     0  __scatter.o(!!!scatter)
    __scatterload_rt2                        0x000000d5   Thumb Code    44  __scatter.o(!!!scatter)
    __scatterload_rt2_thumb_only             0x000000d5   Thumb Code     0  __scatter.o(!!!scatter)
    __scatterload_null                       0x000000e3   Thumb Code     0  __scatter.o(!!!scatter)
    __scatterload_copy                       0x00000109   Thumb Code    26  __scatter_copy.o(!!handler_copy)
    __scatterload_zeroinit                   0x00000125   Thumb Code    28  __scatter_zi.o(!!handler_zi)
    _printf_f                                0x00000141   Thumb Code     0  _printf_f.o(.ARM.Collect$$_printf_percent$$00000003)
    _printf_percent                          0x00000141   Thumb Code     0  _printf_percent.o(.ARM.Collect$$_printf_percent$$00000000)
    _printf_x                                0x00000147   Thumb Code     0  _printf_x.o(.ARM.Collect$$_printf_percent$$0000000C)
    _printf_percent_end                      0x0000014d   Thumb Code     0  _printf_percent_end.o(.ARM.Collect$$_printf_percent$$00000017)
    __rt_lib_init                            0x00000151   Thumb Code     0  libinit.o(.ARM.Collect$$libinit$$00000000)
    __rt_lib_init_fp_1                       0x00000153   Thumb Code     0  libinit2.o(.ARM.Collect$$libinit$$00000002)
    __rt_lib_init_heap_1                     0x00000153   Thumb Code     0  libinit2.o(.ARM.Collect$$libinit$$0000000A)
    __rt_lib_init_lc_common                  0x00000153   Thumb Code     0  libinit2.o(.ARM.Collect$$libinit$$0000000F)
    __rt_lib_init_preinit_1                  0x00000153   Thumb Code     0  libinit2.o(.ARM.Collect$$libinit$$00000004)
    __rt_lib_init_rand_1                     0x00000153   Thumb Code     0  libinit2.o(.ARM.Collect$$libinit$$0000000E)
    __rt_lib_init_user_alloc_1               0x00000153   Thumb Code     0  libinit2.o(.ARM.Collect$$libinit$$0000000C)
    __rt_lib_init_lc_collate_1               0x00000159   Thumb Code     0  libinit2.o(.ARM.Collect$$libinit$$00000011)
    __rt_lib_init_lc_ctype_1                 0x00000159   Thumb Code     0  libinit2.o(.ARM.Collect$$libinit$$00000013)
    __rt_lib_init_lc_monetary_1              0x00000159   Thumb Code     0  libinit2.o(.ARM.Collect$$libinit$$00000015)
    __rt_lib_init_lc_numeric_2               0x00000159   Thumb Code     0  libinit2.o(.ARM.Collect$$libinit$$00000016)
    __rt_lib_init_alloca_1                   0x00000163   Thumb Code     0  libinit2.o(.ARM.Collect$$libinit$$0000002E)
    __rt_lib_init_argv_1                     0x00000163   Thumb Code     0  libinit2.o(.ARM.Collect$$libinit$$0000002C)
    __rt_lib_init_atexit_1                   0x00000163   Thumb Code     0  libinit2.o(.ARM.Collect$$libinit$$0000001B)
    __rt_lib_init_clock_1                    0x00000163   Thumb Code     0  libinit2.o(.ARM.Collect$$libinit$$00000021)
    __rt_lib_init_cpp_1                      0x00000163   Thumb Code     0  libinit2.o(.ARM.Collect$$libinit$$00000032)
    __rt_lib_init_exceptions_1               0x00000163   Thumb Code     0  libinit2.o(.ARM.Collect$$libinit$$00000030)
    __rt_lib_init_fp_trap_1                  0x00000163   Thumb Code     0  libinit2.o(.ARM.Collect$$libinit$$0000001F)
    __rt_lib_init_getenv_1                   0x00000163   Thumb Code     0  libinit2.o(.ARM.Collect$$libinit$$00000023)
    __rt_lib_init_lc_numeric_1               0x00000163   Thumb Code     0  libinit2.o(.ARM.Collect$$libinit$$00000017)
    __rt_lib_init_lc_time_1                  0x00000163   Thumb Code     0  libinit2.o(.ARM.Collect$$libinit$$00000019)
    __rt_lib_init_return                     0x00000163   Thumb Code     0  libinit2.o(.ARM.Collect$$libinit$$00000033)
    __rt_lib_init_signal_1                   0x00000163   Thumb Code     0  libinit2.o(.ARM.Collect$$libinit$$0000001D)
    __rt_lib_init_stdio_1                    0x00000163   Thumb Code     0  libinit2.o(.ARM.Collect$$libinit$$00000025)
    __rt_lib_shutdown                        0x00000165   Thumb Code     0  libshutdown.o(.ARM.Collect$$libshutdown$$00000000)
    __rt_lib_shutdown_cpp_1                  0x00000167   Thumb Code     0  libshutdown2.o(.ARM.Collect$$libshutdown$$00000004)
    __rt_lib_shutdown_fini_1                 0x00000167   Thumb Code     0  libshutdown2.o(.ARM.Collect$$libshutdown$$00000002)
    __rt_lib_shutdown_fp_trap_1              0x00000167   Thumb Code     0  libshutdown2.o(.ARM.Collect$$libshutdown$$00000009)
    __rt_lib_shutdown_heap_1                 0x00000167   Thumb Code     0  libshutdown2.o(.ARM.Collect$$libshutdown$$00000011)
    __rt_lib_shutdown_return                 0x00000167   Thumb Code     0  libshutdown2.o(.ARM.Collect$$libshutdown$$00000012)
    __rt_lib_shutdown_signal_1               0x00000167   Thumb Code     0  libshutdown2.o(.ARM.Collect$$libshutdown$$0000000C)
    __rt_lib_shutdown_stdio_1                0x00000167   Thumb Code     0  libshutdown2.o(.ARM.Collect$$libshutdown$$00000006)
    __rt_lib_shutdown_user_alloc_1           0x00000167   Thumb Code     0  libshutdown2.o(.ARM.Collect$$libshutdown$$0000000E)
    __rt_entry                               0x00000169   Thumb Code     0  __rtentry.o(.ARM.Collect$$rtentry$$00000000)
    __rt_entry_presh_1                       0x00000169   Thumb Code     0  __rtentry2.o(.ARM.Collect$$rtentry$$00000002)
    __rt_entry_sh                            0x00000169   Thumb Code     0  __rtentry4.o(.ARM.Collect$$rtentry$$00000004)
    __rt_entry_li                            0x0000016f   Thumb Code     0  __rtentry2.o(.ARM.Collect$$rtentry$$0000000A)
    __rt_entry_postsh_1                      0x0000016f   Thumb Code     0  __rtentry2.o(.ARM.Collect$$rtentry$$00000009)
    __rt_entry_main                          0x00000173   Thumb Code     0  __rtentry2.o(.ARM.Collect$$rtentry$$0000000D)
    __rt_entry_postli_1                      0x00000173   Thumb Code     0  __rtentry2.o(.ARM.Collect$$rtentry$$0000000C)
    __rt_exit                                0x0000017b   Thumb Code     0  rtexit.o(.ARM.Collect$$rtexit$$00000000)
    __rt_exit_ls                             0x0000017d   Thumb Code     0  rtexit2.o(.ARM.Collect$$rtexit$$00000003)
    __rt_exit_prels_1                        0x0000017d   Thumb Code     0  rtexit2.o(.ARM.Collect$$rtexit$$00000002)
    __rt_exit_exit                           0x00000181   Thumb Code     0  rtexit2.o(.ARM.Collect$$rtexit$$00000004)
    wait                                     0x00000189   Thumb Code     4  glcd_lpc1700.o(.emb_text)
    Reset_Handler                            0x0000018d   Thumb Code     8  startup_lpc17xx.o(.text)
    NMI_Handler                              0x00000195   Thumb Code     2  startup_lpc17xx.o(.text)
    HardFault_Handler                        0x00000197   Thumb Code     2  startup_lpc17xx.o(.text)
    MemManage_Handler                        0x00000199   Thumb Code     2  startup_lpc17xx.o(.text)
    BusFault_Handler                         0x0000019b   Thumb Code     2  startup_lpc17xx.o(.text)
    UsageFault_Handler                       0x0000019d   Thumb Code     2  startup_lpc17xx.o(.text)
    SVC_Handler                              0x0000019f   Thumb Code     2  startup_lpc17xx.o(.text)
    DebugMon_Handler                         0x000001a1   Thumb Code     2  startup_lpc17xx.o(.text)
    PendSV_Handler                           0x000001a3   Thumb Code     2  startup_lpc17xx.o(.text)
    SysTick_Handler                          0x000001a5   Thumb Code     2  startup_lpc17xx.o(.text)
    ADC_IRQHandler                           0x000001a7   Thumb Code     0  startup_lpc17xx.o(.text)
    BOD_IRQHandler                           0x000001a7   Thumb Code     0  startup_lpc17xx.o(.text)
    CANActivity_IRQHandler                   0x000001a7   Thumb Code     0  startup_lpc17xx.o(.text)
    DMA_IRQHandler                           0x000001a7   Thumb Code     0  startup_lpc17xx.o(.text)
    EINT0_IRQHandler                         0x000001a7   Thumb Code     0  startup_lpc17xx.o(.text)
    EINT1_IRQHandler                         0x000001a7   Thumb Code     0  startup_lpc17xx.o(.text)
    EINT2_IRQHandler                         0x000001a7   Thumb Code     0  startup_lpc17xx.o(.text)
    EINT3_IRQHandler                         0x000001a7   Thumb Code     0  startup_lpc17xx.o(.text)
    ENET_IRQHandler                          0x000001a7   Thumb Code     0  startup_lpc17xx.o(.text)
    I2C0_IRQHandler                          0x000001a7   Thumb Code     0  startup_lpc17xx.o(.text)
    I2C1_IRQHandler                          0x000001a7   Thumb Code     0  startup_lpc17xx.o(.text)
    I2C2_IRQHandler                          0x000001a7   Thumb Code     0  startup_lpc17xx.o(.text)
    I2S_IRQHandler                           0x000001a7   Thumb Code     0  startup_lpc17xx.o(.text)
    MCPWM_IRQHandler                         0x000001a7   Thumb Code     0  startup_lpc17xx.o(.text)
    PLL0_IRQHandler                          0x000001a7   Thumb Code     0  startup_lpc17xx.o(.text)
    PLL1_IRQHandler                          0x000001a7   Thumb Code     0  startup_lpc17xx.o(.text)
    PWM1_IRQHandler                          0x000001a7   Thumb Code     0  startup_lpc17xx.o(.text)
    QEI_IRQHandler                           0x000001a7   Thumb Code     0  startup_lpc17xx.o(.text)
    RIT_IRQHandler                           0x000001a7   Thumb Code     0  startup_lpc17xx.o(.text)
    RTC_IRQHandler                           0x000001a7   Thumb Code     0  startup_lpc17xx.o(.text)
    SPI_IRQHandler                           0x000001a7   Thumb Code     0  startup_lpc17xx.o(.text)
    SSP0_IRQHandler                          0x000001a7   Thumb Code     0  startup_lpc17xx.o(.text)
    SSP1_IRQHandler                          0x000001a7   Thumb Code     0  startup_lpc17xx.o(.text)
    TIMER0_IRQHandler                        0x000001a7   Thumb Code     0  startup_lpc17xx.o(.text)
    TIMER2_IRQHandler                        0x000001a7   Thumb Code     0  startup_lpc17xx.o(.text)
    TIMER3_IRQHandler                        0x000001a7   Thumb Code     0  startup_lpc17xx.o(.text)
    UART0_IRQHandler                         0x000001a7   Thumb Code     0  startup_lpc17xx.o(.text)
    UART1_IRQHandler                         0x000001a7   Thumb Code     0  startup_lpc17xx.o(.text)
    UART2_IRQHandler                         0x000001a7   Thumb Code     0  startup_lpc17xx.o(.text)
    UART3_IRQHandler                         0x000001a7   Thumb Code     0  startup_lpc17xx.o(.text)
    USBActivity_IRQHandler                   0x000001a7   Thumb Code     0  startup_lpc17xx.o(.text)
    USB_IRQHandler                           0x000001a7   Thumb Code     0  startup_lpc17xx.o(.text)
    WDT_IRQHandler                           0x000001a7   Thumb Code     0  startup_lpc17xx.o(.text)
    __user_initial_stackheap                 0x000001a9   Thumb Code     0  startup_lpc17xx.o(.text)
    __2sprintf                               0x000001c9   Thumb Code    34  noretval__2sprintf.o(.text)
    _printf_pre_padding                      0x000001f1   Thumb Code    44  _printf_pad.o(.text)
    _printf_post_padding                     0x0000021d   Thumb Code    34  _printf_pad.o(.text)
    _printf_int_hex                          0x00000241   Thumb Code    84  _printf_hex_int.o(.text)
    _printf_longlong_hex                     0x00000241   Thumb Code     0  _printf_hex_int.o(.text)
    strlen                                   0x00000299   Thumb Code    62  strlen.o(.text)
    __use_two_region_memory                  0x000002d7   Thumb Code     2  heapauxi.o(.text)
    __rt_heap_escrow$2region                 0x000002d9   Thumb Code     2  heapauxi.o(.text)
    __rt_heap_expand$2region                 0x000002db   Thumb Code     2  heapauxi.o(.text)
    _sputc                                   0x000002dd   Thumb Code    10  _sputc.o(.text)
    __rt_locale                              0x000002e9   Thumb Code     8  rt_locale_intlibspace.o(.text)
    __user_libspace                          0x000002f1   Thumb Code     8  libspace.o(.text)
    __user_perproc_libspace                  0x000002f1   Thumb Code     0  libspace.o(.text)
    __user_perthread_libspace                0x000002f1   Thumb Code     0  libspace.o(.text)
    __I$use$semihosting                      0x000002f9   Thumb Code     0  use_no_semi.o(.text)
    __use_no_semihosting_swi                 0x000002f9   Thumb Code     2  use_no_semi.o(.text)
    __I$use$fp                               0x000002fa   Number         0  usenofp.o(x$fpl$usenofp)
    __semihosting_library_function           0x000002fb   Thumb Code     0  indicate_semi.o(.text)
    __printf                                 0x00000301   Thumb Code   308  __printf_flags_wp.o(.text)
    _printf_int_common                       0x00000439   Thumb Code   178  _printf_intcommon.o(.text)
    __lib_sel_fp_printf                      0x000004eb   Thumb Code     2  _printf_fp_dec.o(.text)
    _printf_fp_dec_real                      0x0000069d   Thumb Code   620  _printf_fp_dec.o(.text)
    _printf_char_common                      0x00000913   Thumb Code    32  _printf_char_common.o(.text)
    _ll_udiv10                               0x00000939   Thumb Code   138  lludiv10.o(.text)
    _printf_fp_infnan                        0x000009c5   Thumb Code   112  _printf_fp_infnan.o(.text)
    _btod_etento                             0x00000a45   Thumb Code   224  bigflt0.o(.text)
    __user_setup_stackheap                   0x00000b29   Thumb Code    74  sys_stackheap_outer.o(.text)
    exit                                     0x00000b73   Thumb Code    18  exit.o(.text)
    strcmp                                   0x00000b85   Thumb Code   128  strcmpv7m.o(.text)
    _sys_exit                                0x00000c05   Thumb Code     8  sys_exit.o(.text)
    _btod_d2e                                0x00000c11   Thumb Code    62  btod.o(CL$$btod_d2e)
    _d2e_denorm_low                          0x00000c4f   Thumb Code    70  btod.o(CL$$btod_d2e_denorm_low)
    _d2e_norm_op1                            0x00000c95   Thumb Code    96  btod.o(CL$$btod_d2e_norm_op1)
    __btod_div_common                        0x00000cf5   Thumb Code   696  btod.o(CL$$btod_div_common)
    _e2e                                     0x0000102d   Thumb Code   220  btod.o(CL$$btod_e2e)
    _btod_ediv                               0x00001109   Thumb Code    42  btod.o(CL$$btod_ediv)
    _btod_emul                               0x00001133   Thumb Code    42  btod.o(CL$$btod_emul)
    __btod_mult_common                       0x0000115d   Thumb Code   580  btod.o(CL$$btod_mult_common)
    ADC_Config                               0x000013a1   Thumb Code    62  adc.o(i.ADC_Config)
    ADC_StartConversion                      0x000013ed   Thumb Code    34  adc.o(i.ADC_StartConversion)
    CAN_Check_for_new_received_Data          0x00001415   Thumb Code   446  can_api.o(i.CAN_Check_for_new_received_Data)
    CAN_IRQHandler                           0x000015ed   Thumb Code   124  can_api.o(i.CAN_IRQHandler)
    CAN_Init                                 0x0000168d   Thumb Code   254  can_api.o(i.CAN_Init)
    CAN_Receive_Message                      0x000017ad   Thumb Code   230  can_api.o(i.CAN_Receive_Message)
    CAN_Send_Message                         0x000018a5   Thumb Code   628  can_api.o(i.CAN_Send_Message)
    CAN_Set_Acceptance_Filter_Mode           0x00001b29   Thumb Code    74  can_api.o(i.CAN_Set_Acceptance_Filter_Mode)
    CAN_Set_Acceptance_LUT_RAM               0x00001b81   Thumb Code   686  can_api.o(i.CAN_Set_Acceptance_LUT_RAM)
    GLCD_Clear                               0x00001e65   Thumb Code    96  glcd_lpc1700.o(i.GLCD_Clear)
    GLCD_DisplayChar                         0x00001ecd   Thumb Code    42  glcd_lpc1700.o(i.GLCD_DisplayChar)
    GLCD_DisplayString                       0x00001efd   Thumb Code    36  glcd_lpc1700.o(i.GLCD_DisplayString)
    GLCD_DrawChar                            0x00001f21   Thumb Code   232  glcd_lpc1700.o(i.GLCD_DrawChar)
    GLCD_Init                                0x00002019   Thumb Code  2060  glcd_lpc1700.o(i.GLCD_Init)
    GLCD_SetBackColor                        0x00002829   Thumb Code     6  glcd_lpc1700.o(i.GLCD_SetBackColor)
    GLCD_SetTextColor                        0x00002835   Thumb Code     6  glcd_lpc1700.o(i.GLCD_SetTextColor)
    GLCD_WindowMax                           0x00002841   Thumb Code    88  glcd_lpc1700.o(i.GLCD_WindowMax)
    SystemInit                               0x0000289d   Thumb Code   302  system_lpc17xx.o(i.SystemInit)
    TIMER1_IRQHandler                        0x000029dd   Thumb Code   108  can_ad_l3_5_main.o(i.TIMER1_IRQHandler)
    Timer1_Config                            0x00002a65   Thumb Code   112  can_ad_l3_5_main.o(i.Timer1_Config)
    __ARM_fpclassify                         0x00002ae5   Thumb Code    40  fpclassify.o(i.__ARM_fpclassify)
    _is_digit                                0x00002b0d   Thumb Code    14  __printf_wp.o(i._is_digit)
    main                                     0x00002b59   Thumb Code   690  can_ad_l3_5_main.o(i.main)
    wait_delay                               0x00002f91   Thumb Code    12  glcd_lpc1700.o(i.wait_delay)
    _get_lc_numeric                          0x00003069   Thumb Code    44  lc_numeric_c.o(locale$$code)
    __aeabi_d2f                              0x00003095   Thumb Code     0  d2f.o(x$fpl$d2f)
    _d2f                                     0x00003095   Thumb Code    98  d2f.o(x$fpl$d2f)
    __fpl_dcmp_Inf                           0x000030f7   Thumb Code    24  dcmpi.o(x$fpl$dcmpinf)
    __aeabi_ddiv                             0x00003111   Thumb Code     0  ddiv.o(x$fpl$ddiv)
    _ddiv                                    0x00003111   Thumb Code   552  ddiv.o(x$fpl$ddiv)
    __aeabi_cdcmple                          0x000033c1   Thumb Code     0  dleqf.o(x$fpl$dleqf)
    _dcmple                                  0x000033c1   Thumb Code   120  dleqf.o(x$fpl$dleqf)
    __fpl_dcmple_InfNaN                      0x00003423   Thumb Code     0  dleqf.o(x$fpl$dleqf)
    __aeabi_dmul                             0x00003439   Thumb Code     0  dmul.o(x$fpl$dmul)
    _dmul                                    0x00003439   Thumb Code   332  dmul.o(x$fpl$dmul)
    __fpl_dnaninf                            0x0000358d   Thumb Code   156  dnaninf.o(x$fpl$dnaninf)
    __fpl_dretinf                            0x00003629   Thumb Code    12  dretinf.o(x$fpl$dretinf)
    __aeabi_cdrcmple                         0x00003635   Thumb Code     0  drleqf.o(x$fpl$drleqf)
    _drcmple                                 0x00003635   Thumb Code   108  drleqf.o(x$fpl$drleqf)
    __aeabi_f2d                              0x000036a1   Thumb Code     0  f2d.o(x$fpl$f2d)
    _f2d                                     0x000036a1   Thumb Code    86  f2d.o(x$fpl$f2d)
    __aeabi_fadd                             0x000036f9   Thumb Code     0  faddsub_clz.o(x$fpl$fadd)
    _fadd                                    0x000036f9   Thumb Code   196  faddsub_clz.o(x$fpl$fadd)
    __aeabi_i2f                              0x000037bd   Thumb Code     0  fflt_clz.o(x$fpl$fflt)
    _fflt                                    0x000037bd   Thumb Code    48  fflt_clz.o(x$fpl$fflt)
    __fpl_fnaninf                            0x000037ed   Thumb Code   140  fnaninf.o(x$fpl$fnaninf)
    __fpl_fretinf                            0x00003879   Thumb Code    10  fretinf.o(x$fpl$fretinf)
    __aeabi_fsub                             0x00003885   Thumb Code     0  faddsub_clz.o(x$fpl$fsub)
    _fsub                                    0x00003885   Thumb Code   234  faddsub_clz.o(x$fpl$fsub)
    _printf_fp_dec                           0x0000396f   Thumb Code     4  printf1.o(x$fpl$printf1)
    CAN1_Number_FullCAN_ID                   0x00003974   Data           4  can_api.o(.constdata)
    CAN1_Array_FullCAN_IDs                   0x00003978   Data           4  can_api.o(.constdata)
    CAN1_Number_SFF_EXP_ID                   0x0000397c   Data           4  can_api.o(.constdata)
    CAN1_Array_SFF_EXP_IDs                   0x00003980   Data           4  can_api.o(.constdata)
    CAN1_Number_GRP_SFF_ID                   0x00003984   Data           4  can_api.o(.constdata)
    CAN1_Array_GRP_SFF_IDs                   0x00003988   Data           8  can_api.o(.constdata)
    CAN1_Number_EXP_EXT_ID                   0x00003990   Data           4  can_api.o(.constdata)
    CAN1_Array_EXP_EXT_IDs                   0x00003994   Data           8  can_api.o(.constdata)
    CAN1_Number_GRP_EXT_ID                   0x0000399c   Data           4  can_api.o(.constdata)
    CAN1_Array_GRP_EXT_IDs                   0x000039a0   Data          16  can_api.o(.constdata)
    CAN2_Number_FullCAN_ID                   0x000039b0   Data           4  can_api.o(.constdata)
    CAN2_Array_FullCAN_IDs                   0x000039b4   Data           4  can_api.o(.constdata)
    CAN2_Number_SFF_EXP_ID                   0x000039b8   Data           4  can_api.o(.constdata)
    CAN2_Array_SFF_EXP_IDs                   0x000039bc   Data           4  can_api.o(.constdata)
    CAN2_Number_GRP_SFF_ID                   0x000039c0   Data           4  can_api.o(.constdata)
    CAN2_Array_GRP_SFF_IDs                   0x000039c4   Data           8  can_api.o(.constdata)
    CAN2_Number_EXP_EXT_ID                   0x000039cc   Data           4  can_api.o(.constdata)
    CAN2_Array_EXP_EXT_IDs                   0x000039d0   Data           8  can_api.o(.constdata)
    CAN2_Number_GRP_EXT_ID                   0x000039d8   Data           4  can_api.o(.constdata)
    CAN2_Array_GRP_EXT_IDs                   0x000039dc   Data          16  can_api.o(.constdata)
    Font_24x16                               0x000039ec   Data        5376  glcd_lpc1700.o(.constdata)
    Region$$Table$$Base                      0x00004fbc   Number         0  anon$$obj.o(Region$$Table)
    Region$$Table$$Limit                     0x00004ffc   Number         0  anon$$obj.o(Region$$Table)
    CAN_Regs_ptr                             0x10000000   Data           4  can_api.o(.data)
    CAN_Init_Done                            0x10000004   Data           4  can_api.o(.data)
    CAN_Rx_Done                              0x10000008   Data           4  can_api.o(.data)
    CAN_Tx_Done                              0x1000000c   Data           4  can_api.o(.data)
    CAN_LUT_RAM_layout_done                  0x10000010   Data           4  can_api.o(.data)
    CAN1_ErrCount                            0x10000014   Data           4  can_api.o(.data)
    CAN2_ErrCount                            0x10000018   Data           4  can_api.o(.data)
    CAN1_Counter_RX                          0x1000001c   Data           4  can_api.o(.data)
    CAN2_Counter_RX                          0x10000020   Data           4  can_api.o(.data)
    Received_Message                         0x10000024   Data          16  can_api.o(.bss)
    CAN1_RX_messages                         0x10000034   Data         320  can_api.o(.bss)
    CAN2_RX_messages                         0x10000174   Data         320  can_api.o(.bss)
    My_CAN1_RX_message                       0x100002b4   Data          16  can_api.o(.bss)
    My_CAN2_RX_message                       0x100002c4   Data          16  can_api.o(.bss)
    message1                                 0x2007c000   Data          16  can_ad_l3_5_main.o(.data)
    CAN1_New_RX_Data_Stored                  0x2007c010   Data           1  can_ad_l3_5_main.o(.data)
    CAN2_New_RX_Data_Stored                  0x2007c011   Data           1  can_ad_l3_5_main.o(.data)
    AD_Value                                 0x2007c012   Data           2  can_ad_l3_5_main.o(.data)
    AD_New_Value_Ready                       0x2007c014   Data           1  can_ad_l3_5_main.o(.data)
    AD_Voltage                               0x2007c018   Data           4  can_ad_l3_5_main.o(.data)
    Old_AD_Voltage                           0x2007c01c   Data           4  can_ad_l3_5_main.o(.data)
    Delta_Voltage                            0x2007c020   Data           4  can_ad_l3_5_main.o(.data)
    AD_Val_String                            0x2007c024   Data           7  can_ad_l3_5_main.o(.data)
    GLCD_Last_Shown_ID                       0x2007c02c   Data           2  can_ad_l3_5_main.o(.data)
    X_CAN_GLCD                               0x2007c02e   Data           1  can_ad_l3_5_main.o(.data)
    i                                        0x2007c02f   Data           1  can_ad_l3_5_main.o(.data)
    ID_String                                0x2007c030   Data           6  can_ad_l3_5_main.o(.data)
    j                                        0x2007c038   Data           4  can_ad_l3_5_main.o(.data)
    My_CAN_TX_Message                        0x2007c044   Data          16  can_ad_l3_5_main.o(.bss)
    NewLine                                  0x2007c054   Data          21  can_ad_l3_5_main.o(.bss)
    __libspace_start                         0x2007c06c   Data          96  libspace.o(.bss)
    __temporary_stack_top$libspace           0x2007c0cc   Data           0  libspace.o(.bss)



==============================================================================

Memory Map of the image

  Image Entry point : 0x000000cd

  Load Region LR_IROM1 (Base: 0x00000000, Size: 0x00005080, Max: 0x00080000, ABSOLUTE)

    Execution Region ER_IROM1 (Exec base: 0x00000000, Load base: 0x00000000, Size: 0x00005018, Max: 0x00080000, ABSOLUTE)

    Exec Addr    Load Addr    Size         Type   Attr      Idx    E Section Name        Object

    0x00000000   0x00000000   0x000000cc   Data   RO          355    RESET               startup_lpc17xx.o
    0x000000cc   0x000000cc   0x00000008   Code   RO          463  * !!!main             c_w.l(__main.o)
    0x000000d4   0x000000d4   0x00000034   Code   RO          725    !!!scatter          c_w.l(__scatter.o)
    0x00000108   0x00000108   0x0000001a   Code   RO          727    !!handler_copy      c_w.l(__scatter_copy.o)
    0x00000122   0x00000122   0x00000002   PAD
    0x00000124   0x00000124   0x0000001c   Code   RO          729    !!handler_zi        c_w.l(__scatter_zi.o)
    0x00000140   0x00000140   0x00000000   Code   RO          458    .ARM.Collect$$_printf_percent$$00000000  c_w.l(_printf_percent.o)
    0x00000140   0x00000140   0x00000006   Code   RO          457    .ARM.Collect$$_printf_percent$$00000003  c_w.l(_printf_f.o)
    0x00000146   0x00000146   0x00000006   Code   RO          456    .ARM.Collect$$_printf_percent$$0000000C  c_w.l(_printf_x.o)
    0x0000014c   0x0000014c   0x00000004   Code   RO          506    .ARM.Collect$$_printf_percent$$00000017  c_w.l(_printf_percent_end.o)
    0x00000150   0x00000150   0x00000002   Code   RO          596    .ARM.Collect$$libinit$$00000000  c_w.l(libinit.o)
    0x00000152   0x00000152   0x00000000   Code   RO          598    .ARM.Collect$$libinit$$00000002  c_w.l(libinit2.o)
    0x00000152   0x00000152   0x00000000   Code   RO          600    .ARM.Collect$$libinit$$00000004  c_w.l(libinit2.o)
    0x00000152   0x00000152   0x00000000   Code   RO          603    .ARM.Collect$$libinit$$0000000A  c_w.l(libinit2.o)
    0x00000152   0x00000152   0x00000000   Code   RO          605    .ARM.Collect$$libinit$$0000000C  c_w.l(libinit2.o)
    0x00000152   0x00000152   0x00000000   Code   RO          607    .ARM.Collect$$libinit$$0000000E  c_w.l(libinit2.o)
    0x00000152   0x00000152   0x00000006   Code   RO          608    .ARM.Collect$$libinit$$0000000F  c_w.l(libinit2.o)
    0x00000158   0x00000158   0x00000000   Code   RO          610    .ARM.Collect$$libinit$$00000011  c_w.l(libinit2.o)
    0x00000158   0x00000158   0x00000000   Code   RO          612    .ARM.Collect$$libinit$$00000013  c_w.l(libinit2.o)
    0x00000158   0x00000158   0x00000000   Code   RO          614    .ARM.Collect$$libinit$$00000015  c_w.l(libinit2.o)
    0x00000158   0x00000158   0x0000000a   Code   RO          615    .ARM.Collect$$libinit$$00000016  c_w.l(libinit2.o)
    0x00000162   0x00000162   0x00000000   Code   RO          616    .ARM.Collect$$libinit$$00000017  c_w.l(libinit2.o)
    0x00000162   0x00000162   0x00000000   Code   RO          618    .ARM.Collect$$libinit$$00000019  c_w.l(libinit2.o)
    0x00000162   0x00000162   0x00000000   Code   RO          620    .ARM.Collect$$libinit$$0000001B  c_w.l(libinit2.o)
    0x00000162   0x00000162   0x00000000   Code   RO          622    .ARM.Collect$$libinit$$0000001D  c_w.l(libinit2.o)
    0x00000162   0x00000162   0x00000000   Code   RO          624    .ARM.Collect$$libinit$$0000001F  c_w.l(libinit2.o)
    0x00000162   0x00000162   0x00000000   Code   RO          626    .ARM.Collect$$libinit$$00000021  c_w.l(libinit2.o)
    0x00000162   0x00000162   0x00000000   Code   RO          628    .ARM.Collect$$libinit$$00000023  c_w.l(libinit2.o)
    0x00000162   0x00000162   0x00000000   Code   RO          630    .ARM.Collect$$libinit$$00000025  c_w.l(libinit2.o)
    0x00000162   0x00000162   0x00000000   Code   RO          634    .ARM.Collect$$libinit$$0000002C  c_w.l(libinit2.o)
    0x00000162   0x00000162   0x00000000   Code   RO          636    .ARM.Collect$$libinit$$0000002E  c_w.l(libinit2.o)
    0x00000162   0x00000162   0x00000000   Code   RO          638    .ARM.Collect$$libinit$$00000030  c_w.l(libinit2.o)
    0x00000162   0x00000162   0x00000000   Code   RO          640    .ARM.Collect$$libinit$$00000032  c_w.l(libinit2.o)
    0x00000162   0x00000162   0x00000002   Code   RO          641    .ARM.Collect$$libinit$$00000033  c_w.l(libinit2.o)
    0x00000164   0x00000164   0x00000002   Code   RO          688    .ARM.Collect$$libshutdown$$00000000  c_w.l(libshutdown.o)
    0x00000166   0x00000166   0x00000000   Code   RO          706    .ARM.Collect$$libshutdown$$00000002  c_w.l(libshutdown2.o)
    0x00000166   0x00000166   0x00000000   Code   RO          708    .ARM.Collect$$libshutdown$$00000004  c_w.l(libshutdown2.o)
    0x00000166   0x00000166   0x00000000   Code   RO          710    .ARM.Collect$$libshutdown$$00000006  c_w.l(libshutdown2.o)
    0x00000166   0x00000166   0x00000000   Code   RO          713    .ARM.Collect$$libshutdown$$00000009  c_w.l(libshutdown2.o)
    0x00000166   0x00000166   0x00000000   Code   RO          716    .ARM.Collect$$libshutdown$$0000000C  c_w.l(libshutdown2.o)
    0x00000166   0x00000166   0x00000000   Code   RO          718    .ARM.Collect$$libshutdown$$0000000E  c_w.l(libshutdown2.o)
    0x00000166   0x00000166   0x00000000   Code   RO          721    .ARM.Collect$$libshutdown$$00000011  c_w.l(libshutdown2.o)
    0x00000166   0x00000166   0x00000002   Code   RO          722    .ARM.Collect$$libshutdown$$00000012  c_w.l(libshutdown2.o)
    0x00000168   0x00000168   0x00000000   Code   RO          493    .ARM.Collect$$rtentry$$00000000  c_w.l(__rtentry.o)
    0x00000168   0x00000168   0x00000000   Code   RO          519    .ARM.Collect$$rtentry$$00000002  c_w.l(__rtentry2.o)
    0x00000168   0x00000168   0x00000006   Code   RO          531    .ARM.Collect$$rtentry$$00000004  c_w.l(__rtentry4.o)
    0x0000016e   0x0000016e   0x00000000   Code   RO          521    .ARM.Collect$$rtentry$$00000009  c_w.l(__rtentry2.o)
    0x0000016e   0x0000016e   0x00000004   Code   RO          522    .ARM.Collect$$rtentry$$0000000A  c_w.l(__rtentry2.o)
    0x00000172   0x00000172   0x00000000   Code   RO          524    .ARM.Collect$$rtentry$$0000000C  c_w.l(__rtentry2.o)
    0x00000172   0x00000172   0x00000008   Code   RO          525    .ARM.Collect$$rtentry$$0000000D  c_w.l(__rtentry2.o)
    0x0000017a   0x0000017a   0x00000002   Code   RO          642    .ARM.Collect$$rtexit$$00000000  c_w.l(rtexit.o)
    0x0000017c   0x0000017c   0x00000000   Code   RO          657    .ARM.Collect$$rtexit$$00000002  c_w.l(rtexit2.o)
    0x0000017c   0x0000017c   0x00000004   Code   RO          658    .ARM.Collect$$rtexit$$00000003  c_w.l(rtexit2.o)
    0x00000180   0x00000180   0x00000006   Code   RO          659    .ARM.Collect$$rtexit$$00000004  c_w.l(rtexit2.o)
    0x00000186   0x00000186   0x00000002   PAD
    0x00000188   0x00000188   0x00000004   Code   RO          193    .emb_text           glcd_lpc1700.o
    0x0000018c   0x0000018c   0x0000003c   Code   RO          357    .text               startup_lpc17xx.o
    0x000001c8   0x000001c8   0x00000028   Code   RO          409    .text               c_w.l(noretval__2sprintf.o)
    0x000001f0   0x000001f0   0x0000004e   Code   RO          413    .text               c_w.l(_printf_pad.o)
    0x0000023e   0x0000023e   0x00000002   PAD
    0x00000240   0x00000240   0x00000058   Code   RO          418    .text               c_w.l(_printf_hex_int.o)
    0x00000298   0x00000298   0x0000003e   Code   RO          459    .text               c_w.l(strlen.o)
    0x000002d6   0x000002d6   0x00000006   Code   RO          461    .text               c_w.l(heapauxi.o)
    0x000002dc   0x000002dc   0x0000000a   Code   RO          504    .text               c_w.l(_sputc.o)
    0x000002e6   0x000002e6   0x00000002   PAD
    0x000002e8   0x000002e8   0x00000008   Code   RO          538    .text               c_w.l(rt_locale_intlibspace.o)
    0x000002f0   0x000002f0   0x00000008   Code   RO          578    .text               c_w.l(libspace.o)
    0x000002f8   0x000002f8   0x00000002   Code   RO          675    .text               c_w.l(use_no_semi.o)
    0x000002fa   0x000002fa   0x00000000   Code   RO          677    .text               c_w.l(indicate_semi.o)
    0x000002fa   0x000002fa   0x00000000   Code   RO          517    x$fpl$usenofp       fz_ws.l(usenofp.o)
    0x000002fa   0x000002fa   0x00000002   PAD
    0x000002fc   0x000002fc   0x00000004   Code   RO          356    .ARM.__at_0x02FC    startup_lpc17xx.o
    0x00000300   0x00000300   0x00000138   Code   RO          448    .text               c_w.l(__printf_flags_wp.o)
    0x00000438   0x00000438   0x000000b2   Code   RO          498    .text               c_w.l(_printf_intcommon.o)
    0x000004ea   0x000004ea   0x0000041e   Code   RO          500    .text               c_w.l(_printf_fp_dec.o)
    0x00000908   0x00000908   0x00000030   Code   RO          502    .text               c_w.l(_printf_char_common.o)
    0x00000938   0x00000938   0x0000008a   Code   RO          540    .text               c_w.l(lludiv10.o)
    0x000009c2   0x000009c2   0x00000002   PAD
    0x000009c4   0x000009c4   0x00000080   Code   RO          542    .text               c_w.l(_printf_fp_infnan.o)
    0x00000a44   0x00000a44   0x000000e4   Code   RO          546    .text               c_w.l(bigflt0.o)
    0x00000b28   0x00000b28   0x0000004a   Code   RO          581    .text               c_w.l(sys_stackheap_outer.o)
    0x00000b72   0x00000b72   0x00000012   Code   RO          583    .text               c_w.l(exit.o)
    0x00000b84   0x00000b84   0x00000080   Code   RO          589    .text               c_w.l(strcmpv7m.o)
    0x00000c04   0x00000c04   0x0000000c   Code   RO          654    .text               c_w.l(sys_exit.o)
    0x00000c10   0x00000c10   0x0000003e   Code   RO          549    CL$$btod_d2e        c_w.l(btod.o)
    0x00000c4e   0x00000c4e   0x00000046   Code   RO          551    CL$$btod_d2e_denorm_low  c_w.l(btod.o)
    0x00000c94   0x00000c94   0x00000060   Code   RO          550    CL$$btod_d2e_norm_op1  c_w.l(btod.o)
    0x00000cf4   0x00000cf4   0x00000338   Code   RO          559    CL$$btod_div_common  c_w.l(btod.o)
    0x0000102c   0x0000102c   0x000000dc   Code   RO          556    CL$$btod_e2e        c_w.l(btod.o)
    0x00001108   0x00001108   0x0000002a   Code   RO          553    CL$$btod_ediv       c_w.l(btod.o)
    0x00001132   0x00001132   0x0000002a   Code   RO          552    CL$$btod_emul       c_w.l(btod.o)
    0x0000115c   0x0000115c   0x00000244   Code   RO          558    CL$$btod_mult_common  c_w.l(btod.o)
    0x000013a0   0x000013a0   0x0000004c   Code   RO            4    i.ADC_Config        adc.o
    0x000013ec   0x000013ec   0x00000028   Code   RO            5    i.ADC_StartConversion  adc.o
    0x00001414   0x00001414   0x000001d8   Code   RO          125    i.CAN_Check_for_new_received_Data  can_api.o
    0x000015ec   0x000015ec   0x000000a0   Code   RO          126    i.CAN_IRQHandler    can_api.o
    0x0000168c   0x0000168c   0x00000120   Code   RO          127    i.CAN_Init          can_api.o
    0x000017ac   0x000017ac   0x000000f8   Code   RO          128    i.CAN_Receive_Message  can_api.o
    0x000018a4   0x000018a4   0x00000284   Code   RO          129    i.CAN_Send_Message  can_api.o
    0x00001b28   0x00001b28   0x00000058   Code   RO          130    i.CAN_Set_Acceptance_Filter_Mode  can_api.o
    0x00001b80   0x00001b80   0x000002e4   Code   RO          131    i.CAN_Set_Acceptance_LUT_RAM  can_api.o
    0x00001e64   0x00001e64   0x00000068   Code   RO          197    i.GLCD_Clear        glcd_lpc1700.o
    0x00001ecc   0x00001ecc   0x00000030   Code   RO          199    i.GLCD_DisplayChar  glcd_lpc1700.o
    0x00001efc   0x00001efc   0x00000024   Code   RO          200    i.GLCD_DisplayString  glcd_lpc1700.o
    0x00001f20   0x00001f20   0x000000f8   Code   RO          201    i.GLCD_DrawChar     glcd_lpc1700.o
    0x00002018   0x00002018   0x00000810   Code   RO          202    i.GLCD_Init         glcd_lpc1700.o
    0x00002828   0x00002828   0x0000000c   Code   RO          204    i.GLCD_SetBackColor  glcd_lpc1700.o
    0x00002834   0x00002834   0x0000000c   Code   RO          205    i.GLCD_SetTextColor  glcd_lpc1700.o
    0x00002840   0x00002840   0x0000005c   Code   RO          206    i.GLCD_WindowMax    glcd_lpc1700.o
    0x0000289c   0x0000289c   0x00000140   Code   RO          367    i.SystemInit        system_lpc17xx.o
    0x000029dc   0x000029dc   0x00000088   Code   RO           66    i.TIMER1_IRQHandler  can_ad_l3_5_main.o
    0x00002a64   0x00002a64   0x00000080   Code   RO           67    i.Timer1_Config     can_ad_l3_5_main.o
    0x00002ae4   0x00002ae4   0x00000028   Code   RO          576    i.__ARM_fpclassify  m_ws.l(fpclassify.o)
    0x00002b0c   0x00002b0c   0x0000000e   Code   RO          446    i._is_digit         c_w.l(__printf_wp.o)
    0x00002b1a   0x00002b1a   0x0000000e   Code   RO          207    i.delay             glcd_lpc1700.o
    0x00002b28   0x00002b28   0x00000030   Code   RO          208    i.lcd_send          glcd_lpc1700.o
    0x00002b58   0x00002b58   0x000003a4   Code   RO           68    i.main              can_ad_l3_5_main.o
    0x00002efc   0x00002efc   0x00000068   Code   RO          209    i.rd_dat            glcd_lpc1700.o
    0x00002f64   0x00002f64   0x0000002c   Code   RO          210    i.rd_reg            glcd_lpc1700.o
    0x00002f90   0x00002f90   0x0000000c   Code   RO          211    i.wait_delay        glcd_lpc1700.o
    0x00002f9c   0x00002f9c   0x00000030   Code   RO          212    i.wr_cmd            glcd_lpc1700.o
    0x00002fcc   0x00002fcc   0x00000030   Code   RO          213    i.wr_dat            glcd_lpc1700.o
    0x00002ffc   0x00002ffc   0x00000024   Code   RO          214    i.wr_dat_only       glcd_lpc1700.o
    0x00003020   0x00003020   0x00000010   Code   RO          215    i.wr_dat_start      glcd_lpc1700.o
    0x00003030   0x00003030   0x00000010   Code   RO          216    i.wr_dat_stop       glcd_lpc1700.o
    0x00003040   0x00003040   0x00000028   Code   RO          217    i.wr_reg            glcd_lpc1700.o
    0x00003068   0x00003068   0x0000002c   Code   RO          572    locale$$code        c_w.l(lc_numeric_c.o)
    0x00003094   0x00003094   0x00000062   Code   RO          465    x$fpl$d2f           fz_ws.l(d2f.o)
    0x000030f6   0x000030f6   0x00000018   Code   RO          507    x$fpl$dcmpinf       fz_ws.l(dcmpi.o)
    0x0000310e   0x0000310e   0x00000002   PAD
    0x00003110   0x00003110   0x000002b0   Code   RO          468    x$fpl$ddiv          fz_ws.l(ddiv.o)
    0x000033c0   0x000033c0   0x00000078   Code   RO          471    x$fpl$dleqf         fz_ws.l(dleqf.o)
    0x00003438   0x00003438   0x00000154   Code   RO          473    x$fpl$dmul          fz_ws.l(dmul.o)
    0x0000358c   0x0000358c   0x0000009c   Code   RO          509    x$fpl$dnaninf       fz_ws.l(dnaninf.o)
    0x00003628   0x00003628   0x0000000c   Code   RO          511    x$fpl$dretinf       fz_ws.l(dretinf.o)
    0x00003634   0x00003634   0x0000006c   Code   RO          475    x$fpl$drleqf        fz_ws.l(drleqf.o)
    0x000036a0   0x000036a0   0x00000056   Code   RO          477    x$fpl$f2d           fz_ws.l(f2d.o)
    0x000036f6   0x000036f6   0x00000002   PAD
    0x000036f8   0x000036f8   0x000000c4   Code   RO          479    x$fpl$fadd          fz_ws.l(faddsub_clz.o)
    0x000037bc   0x000037bc   0x00000030   Code   RO          486    x$fpl$fflt          fz_ws.l(fflt_clz.o)
    0x000037ec   0x000037ec   0x0000008c   Code   RO          513    x$fpl$fnaninf       fz_ws.l(fnaninf.o)
    0x00003878   0x00003878   0x0000000a   Code   RO          515    x$fpl$fretinf       fz_ws.l(fretinf.o)
    0x00003882   0x00003882   0x00000002   PAD
    0x00003884   0x00003884   0x000000ea   Code   RO          481    x$fpl$fsub          fz_ws.l(faddsub_clz.o)
    0x0000396e   0x0000396e   0x00000004   Code   RO          491    x$fpl$printf1       fz_ws.l(printf1.o)
    0x00003972   0x00003972   0x00000002   PAD
    0x00003974   0x00003974   0x00000078   Data   RO          133    .constdata          can_api.o
    0x000039ec   0x000039ec   0x00001500   Data   RO          218    .constdata          glcd_lpc1700.o
    0x00004eec   0x00004eec   0x00000028   Data   RO          419    .constdata          c_w.l(_printf_hex_int.o)
    0x00004f14   0x00004f14   0x00000011   Data   RO          449    .constdata          c_w.l(__printf_flags_wp.o)
    0x00004f25   0x00004f25   0x00000003   PAD
    0x00004f28   0x00004f28   0x00000094   Data   RO          547    .constdata          c_w.l(bigflt0.o)
    0x00004fbc   0x00004fbc   0x00000040   Data   RO          723    Region$$Table       anon$$obj.o
    0x00004ffc   0x00004ffc   0x0000001c   Data   RO          571    locale$$data        c_w.l(lc_numeric_c.o)


    Execution Region RW_IRAM1 (Exec base: 0x10000000, Load base: 0x00005018, Size: 0x000002d4, Max: 0x00008000, ABSOLUTE)

    Exec Addr    Load Addr    Size         Type   Attr      Idx    E Section Name        Object

    0x10000000   0x00005018   0x00000024   Data   RW          134    .data               can_api.o
    0x10000024        -       0x000002b0   Zero   RW          132    .bss                can_api.o


    Execution Region RW_IRAM2 (Exec base: 0x2007c000, Load base: 0x0000503c, Size: 0x000002d0, Max: 0x00008000, ABSOLUTE)

    Exec Addr    Load Addr    Size         Type   Attr      Idx    E Section Name        Object

    0x2007c000   0x0000503c   0x0000003c   Data   RW           71    .data               can_ad_l3_5_main.o
    0x2007c03c   0x00005078   0x00000006   Data   RW          219    .data               glcd_lpc1700.o
    0x2007c042   0x0000507e   0x00000002   PAD
    0x2007c044        -       0x00000025   Zero   RW           69    .bss                can_ad_l3_5_main.o
    0x2007c069   0x0000507e   0x00000003   PAD
    0x2007c06c        -       0x00000060   Zero   RW          579    .bss                c_w.l(libspace.o)
    0x2007c0cc   0x0000507e   0x00000004   PAD
    0x2007c0d0        -       0x00000000   Zero   RW          354    HEAP                startup_lpc17xx.o
    0x2007c0d0        -       0x00000200   Zero   RW          353    STACK               startup_lpc17xx.o


==============================================================================

Image component sizes


      Code (inc. data)   RO Data    RW Data    ZI Data      Debug   Object Name

       116         20          0          0          0       5403   adc.o
      1196        286          0         60         37      48069   can_ad_l3_5_main.o
      2640        198        120         36        688       8931   can_api.o
      3046        102       5376          6          0      13164   glcd_lpc1700.o
        64         26        204          0        512       1068   startup_lpc17xx.o
       320         18          0          0          0        609   system_lpc17xx.o

    ----------------------------------------------------------------------
      7382        650       5764        104       1240      77244   Object Totals
         0          0         64          0          0          0   (incl. Generated)
         0          0          0          2          3          0   (incl. Padding)

    ----------------------------------------------------------------------

      Code (inc. data)   RO Data    RW Data    ZI Data      Debug   Library Member Name

         8          0          0          0          0         68   __main.o
       312          4         17          0          0         92   __printf_flags_wp.o
        14          0          0          0          0         68   __printf_wp.o
         0          0          0          0          0          0   __rtentry.o
        12          0          0          0          0          0   __rtentry2.o
         6          0          0          0          0          0   __rtentry4.o
        52          8          0          0          0          0   __scatter.o
        26          0          0          0          0          0   __scatter_copy.o
        28          0          0          0          0          0   __scatter_zi.o
        48          6          0          0          0         96   _printf_char_common.o
         6          0          0          0          0          0   _printf_f.o
      1054          0          0          0          0        216   _printf_fp_dec.o
       128         16          0          0          0         84   _printf_fp_infnan.o
        88          4         40          0          0         88   _printf_hex_int.o
       178          0          0          0          0         88   _printf_intcommon.o
        78          0          0          0          0        108   _printf_pad.o
         0          0          0          0          0          0   _printf_percent.o
         4          0          0          0          0          0   _printf_percent_end.o
         6          0          0          0          0          0   _printf_x.o
        10          0          0          0          0         68   _sputc.o
       228          4        148          0          0         96   bigflt0.o
      1936        128          0          0          0        672   btod.o
        18          0          0          0          0         80   exit.o
         6          0          0          0          0        152   heapauxi.o
         0          0          0          0          0          0   indicate_semi.o
        44         10         28          0          0         76   lc_numeric_c.o
         2          0          0          0          0          0   libinit.o
        18          0          0          0          0          0   libinit2.o
         2          0          0          0          0          0   libshutdown.o
         2          0          0          0          0          0   libshutdown2.o
         8          4          0          0         96         68   libspace.o
       138          0          0          0          0         80   lludiv10.o
        40          6          0          0          0         84   noretval__2sprintf.o
         8          4          0          0          0         68   rt_locale_intlibspace.o
         2          0          0          0          0          0   rtexit.o
        10          0          0          0          0          0   rtexit2.o
       128          0          0          0          0         68   strcmpv7m.o
        62          0          0          0          0         76   strlen.o
        12          4          0          0          0         68   sys_exit.o
        74          0          0          0          0         80   sys_stackheap_outer.o
         2          0          0          0          0         68   use_no_semi.o
        98          4          0          0          0         92   d2f.o
        24          0          0          0          0         68   dcmpi.o
       688        140          0          0          0        208   ddiv.o
       120          4          0          0          0         92   dleqf.o
       340         12          0          0          0        104   dmul.o
       156          4          0          0          0         92   dnaninf.o
        12          0          0          0          0         68   dretinf.o
       108          0          0          0          0         80   drleqf.o
        86          4          0          0          0         84   f2d.o
       430          8          0          0          0        168   faddsub_clz.o
        48          0          0          0          0         68   fflt_clz.o
       140          4          0          0          0         84   fnaninf.o
        10          0          0          0          0         68   fretinf.o
         4          0          0          0          0         68   printf1.o
         0          0          0          0          0          0   usenofp.o
        40          0          0          0          0         68   fpclassify.o

    ----------------------------------------------------------------------
      7122        378        236          0        100       4124   Library Totals
        20          0          3          0          4          0   (incl. Padding)

    ----------------------------------------------------------------------

      Code (inc. data)   RO Data    RW Data    ZI Data      Debug   Library Name

      4798        198        233          0         96       2712   c_w.l
      2264        180          0          0          0       1344   fz_ws.l
        40          0          0          0          0         68   m_ws.l

    ----------------------------------------------------------------------
      7122        378        236          0        100       4124   Library Totals

    ----------------------------------------------------------------------

==============================================================================


      Code (inc. data)   RO Data    RW Data    ZI Data      Debug   

     14504       1028       6000        104       1340      77516   Grand Totals
     14504       1028       6000        104       1340      77516   ELF Image Totals
     14504       1028       6000        104          0          0   ROM Totals

==============================================================================

    Total RO  Size (Code + RO Data)                20504 (  20.02kB)
    Total RW  Size (RW Data + ZI Data)              1444 (   1.41kB)
    Total ROM Size (Code + RO Data + RW Data)      20608 (  20.13kB)

==============================================================================

